// Jest Snapshot v1, https://goo.gl/fbAQLP

exports[`Options fallback {String} 1`] = `"module.exports = __webpack_public_path__ + \\"9c87cbf3ba33126ffd25ae7f2f6bbafb.png\\";"`;

exports[`Options fallback {String} 2`] = `"module.exports = __webpack_public_path__ + \\"file.png\\";"`;

exports[`Options fallback {String} 3`] = `"module.exports = __webpack_public_path__ + \\"name-for-file-loader.png\\";"`;

exports[`Options fallback {String} 4`] = `"module.exports = __webpack_public_path__ + \\"name-for-file-loader.png\\";"`;
