// Jest Snapshot v1, https://goo.gl/fbAQLP

exports[`Errors Validation Error 1`] = `
"Module build failed: URL Loader

  [4mOptions Validation Error[24m

  [2moptions[22m.limit  [34mshould be string,number[39m


  [2moptions[22m.limit  [34mshould be string,number[39m
    at validate (<PROJECT_ROOT>/node_modules/@webpack-contrib/schema-utils/dist/validate-options.js:87:15)
    at validator (<PROJECT_ROOT>/node_modules/@webpack-contrib/schema-utils/dist/validate-options.js:118:10)
    at Object.loader (<PROJECT_ROOT>/src/index.js:19:3)"
`;
