// Jest Snapshot v1, https://goo.gl/fbAQLP

exports[`"generator" option should work with "Function" generating encoded file manually without "encoding": assets 1`] = `
Array [
  "main.bundle.js",
]
`;

exports[`"generator" option should work with "Function" generating encoded file manually without "encoding": errors 1`] = `Array []`;

exports[`"generator" option should work with "Function" generating encoded file manually without "encoding": result 1`] = `
"data:text/html;charset=utf-8,<h1>Hello, World! Привет мир!</h1>
"
`;

exports[`"generator" option should work with "Function" generating encoded file manually without "encoding": warnings 1`] = `Array []`;

exports[`"generator" option should work with "Function" generating encoded file manually without "mimetype" and "encoding": assets 1`] = `
Array [
  "main.bundle.js",
]
`;

exports[`"generator" option should work with "Function" generating encoded file manually without "mimetype" and "encoding": errors 1`] = `Array []`;

exports[`"generator" option should work with "Function" generating encoded file manually without "mimetype" and "encoding": result 1`] = `
"data:,<h1>Hello, World! Привет мир!</h1>
"
`;

exports[`"generator" option should work with "Function" generating encoded file manually without "mimetype" and "encoding": warnings 1`] = `Array []`;

exports[`"generator" option should work with "Function" generating encoded file manually without "mimetype": assets 1`] = `
Array [
  "main.bundle.js",
]
`;

exports[`"generator" option should work with "Function" generating encoded file manually without "mimetype": errors 1`] = `Array []`;

exports[`"generator" option should work with "Function" generating encoded file manually without "mimetype": result 1`] = `"data:;base64,PGgxPkhlbGxvLCBXb3JsZCEg0J/RgNC40LLQtdGCINC80LjRgCE8L2gxPgo="`;

exports[`"generator" option should work with "Function" generating encoded file manually without "mimetype": warnings 1`] = `Array []`;

exports[`"generator" option should work with "Function" generating encoded file manually: assets 1`] = `
Array [
  "main.bundle.js",
]
`;

exports[`"generator" option should work with "Function" generating encoded file manually: errors 1`] = `Array []`;

exports[`"generator" option should work with "Function" generating encoded file manually: result 1`] = `"data:text/html;charset=utf-8;base64,PGgxPkhlbGxvLCBXb3JsZCEg0J/RgNC40LLQtdGCINC80LjRgCE8L2gxPgo="`;

exports[`"generator" option should work with "Function" generating encoded file manually: warnings 1`] = `Array []`;

exports[`"generator" option should work with "Function" mini-svg-data-uri generator: assets 1`] = `
Array [
  "main.bundle.js",
]
`;

exports[`"generator" option should work with "Function" mini-svg-data-uri generator: errors 1`] = `Array []`;

exports[`"generator" option should work with "Function" mini-svg-data-uri generator: result 1`] = `"data:image/svg+xml,%3c%3fxml version='1.0' encoding='UTF-8' standalone='no'%3f%3e %3csvg width='75px' height='75px' viewBox='0 0 75 75' version='1.1' xmlns='http://www.w3.org/2000/svg' xmlns:xlink='http://www.w3.org/1999/xlink'%3e %3c!-- Generator: Sketch 3.7.1 (28215) - http://www.bohemiancoding.com/sketch --%3e %3ctitle%3emochi%3c/title%3e %3cdesc%3eCreated with Sketch.%3c/desc%3e %3cdefs%3e %3crect id='path-1' x='0' y='0' width='70' height='70' rx='3'%3e%3c/rect%3e %3cmask id='mask-2' maskContentUnits='userSpaceOnUse' maskUnits='objectBoundingBox' x='0' y='0' width='70' height='70' fill='white'%3e %3cuse xlink:href='%23path-1'%3e%3c/use%3e %3c/mask%3e %3c/defs%3e %3cg id='Page-1' stroke='none' stroke-width='1' fill='none' fill-rule='evenodd'%3e %3cg id='mochi'%3e %3cg id='Group-15' transform='translate(1.000000%2c 1.000000)'%3e %3crect id='Rectangle-68-Copy-7' fill='%23414141' opacity='0.149055504' x='3' y='3' width='70' height='70' rx='3'%3e%3c/rect%3e %3cuse id='Rectangle-68' stroke='%23636363' mask='url(%23mask-2)' stroke-width='5' stroke-linecap='round' stroke-linejoin='round' fill='white' xlink:href='%23path-1'%3e%3c/use%3e %3cg id='Group-9' transform='translate(7.000000%2c 8.000000)'%3e %3cpath d='M12.7087955%2c2.76166786 L41.7087955%2c2.76166786 L12.7087955%2c2.76166786 Z' id='Path-41' stroke='%23636363' stroke-linecap='round' stroke-linejoin='round' transform='translate(27.208795%2c 2.761668) scale(-1%2c 1) translate(-27.208795%2c -2.761668) '%3e%3c/path%3e %3cg id='Group-7'%3e %3cpath d='M31.3359142%2c55.5629258 C44.9723574%2c55.5629258 56.0268789%2c44.5084044 56.0268789%2c30.8719611 C56.0268789%2c17.2355178 44.9723574%2c6.18099642 31.3359142%2c6.18099642 C17.6994709%2c6.18099642 6.6449495%2c17.2355178 6.6449495%2c30.8719611 C6.6449495%2c44.5084044 17.6994709%2c55.5629258 31.3359142%2c55.5629258 Z' id='Oval-31-Copy-5' fill='%23414141' opacity='0.149055504'%3e%3c/path%3e %3cpath d='M28.3359142%2c52.5629258 C41.9723574%2c52.5629258 53.0268789%2c41.5084044 53.0268789%2c27.8719611 C53.0268789%2c14.2355178 41.9723574%2c3.18099642 28.3359142%2c3.18099642 C14.6994709%2c3.18099642 3.6449495%2c14.2355178 3.6449495%2c27.8719611 C3.6449495%2c41.5084044 14.6994709%2c52.5629258 28.3359142%2c52.5629258 Z' id='Oval-31' stroke='%23636363' stroke-width='2.5' fill='white'%3e%3c/path%3e %3cpath d='M23.0794925%2c7.04758997 C16.7071225%2c8.74491579 11.6454525%2c12.970402 8.98981238%2c18.4999219' id='Path-21' stroke='%23636363' stroke-linecap='round' stroke-linejoin='round'%3e%3c/path%3e %3cellipse id='Oval-32' fill='%23F3A5A5' cx='40.8211184' cy='28.6625021' rx='3.57559958' ry='2.31226622'%3e%3c/ellipse%3e %3cellipse id='Oval-32' fill='%23F3A5A5' cx='17.5314022' cy='28.4940298' rx='3.57559958' ry='2.31226622'%3e%3c/ellipse%3e %3cpath d='M39.3706572%2c27 L68.3706572%2c27 L39.3706572%2c27 Z' id='Path-41' stroke='%23636363' stroke-linecap='round' stroke-linejoin='round' transform='translate(53.870657%2c 27.000000) rotate(-270.000000) translate(-53.870657%2c -27.000000) '%3e%3c/path%3e %3cpath d='M52.4161117%2c26.882831 C53.1433844%2c26.1555583 54.5979299%2c26.1555583 55.3252026%2c26.882831 C56.0524753%2c27.6101037 56.0524753%2c29.0646492 55.3252026%2c29.7919219 C54.5979299%2c30.5191946 53.1433844%2c30.5191946 52.4161117%2c29.7919219 C51.688839%2c29.0646492 51.688839%2c27.6101037 52.4161117%2c26.882831 Z' id='Rectangle-30' stroke='%23636363' stroke-linecap='round' stroke-linejoin='round' fill='white' transform='translate(53.870657%2c 28.337376) rotate(-270.000000) translate(-53.870657%2c -28.337376) '%3e%3c/path%3e %3cpath d='M52.4161117%2c11.882831 C53.1433844%2c11.1555583 54.5979299%2c11.1555583 55.3252026%2c11.882831 C56.0524753%2c12.6101037 56.0524753%2c14.0646492 55.3252026%2c14.7919219 C54.5979299%2c15.5191946 53.1433844%2c15.5191946 52.4161117%2c14.7919219 C51.688839%2c14.0646492 51.688839%2c12.6101037 52.4161117%2c11.882831 Z' id='Rectangle-30' stroke='%23636363' stroke-linecap='round' stroke-linejoin='round' fill='white' transform='translate(53.870657%2c 13.337376) rotate(-270.000000) translate(-53.870657%2c -13.337376) '%3e%3c/path%3e %3cpath d='M52.4161117%2c41.882831 C53.1433844%2c41.1555583 54.5979299%2c41.1555583 55.3252026%2c41.882831 C56.0524753%2c42.6101037 56.0524753%2c44.0646492 55.3252026%2c44.7919219 C54.5979299%2c45.5191946 53.1433844%2c45.5191946 52.4161117%2c44.7919219 C51.688839%2c44.0646492 51.688839%2c42.6101037 52.4161117%2c41.882831 Z' id='Rectangle-30' stroke='%23636363' stroke-linecap='round' stroke-linejoin='round' fill='white' transform='translate(53.870657%2c 43.337376) rotate(-270.000000) translate(-53.870657%2c -43.337376) '%3e%3c/path%3e %3cpath d='M-11.6293428%2c27 L17.3706572%2c27 L-11.6293428%2c27 Z' id='Path-41' stroke='%23636363' stroke-linecap='round' stroke-linejoin='round' transform='translate(2.870657%2c 27.000000) rotate(-270.000000) translate(-2.870657%2c -27.000000) '%3e%3c/path%3e %3cpath d='M1.4161117%2c26.882831 C2.14338442%2c26.1555583 3.59792988%2c26.1555583 4.32520261%2c26.882831 C5.05247533%2c27.6101037 5.05247533%2c29.0646492 4.32520261%2c29.7919219 C3.59792988%2c30.5191946 2.14338442%2c30.5191946 1.4161117%2c29.7919219 C0.688838969%2c29.0646492 0.688838969%2c27.6101037 1.4161117%2c26.882831 Z' id='Rectangle-30' stroke='%23636363' stroke-linecap='round' stroke-linejoin='round' fill='white' transform='translate(2.870657%2c 28.337376) rotate(-270.000000) translate(-2.870657%2c -28.337376) '%3e%3c/path%3e %3cpath d='M1.4161117%2c11.882831 C2.14338442%2c11.1555583 3.59792988%2c11.1555583 4.32520261%2c11.882831 C5.05247533%2c12.6101037 5.05247533%2c14.0646492 4.32520261%2c14.7919219 C3.59792988%2c15.5191946 2.14338442%2c15.5191946 1.4161117%2c14.7919219 C0.688838969%2c14.0646492 0.688838969%2c12.6101037 1.4161117%2c11.882831 Z' id='Rectangle-30' stroke='%23636363' stroke-linecap='round' stroke-linejoin='round' fill='white' transform='translate(2.870657%2c 13.337376) rotate(-270.000000) translate(-2.870657%2c -13.337376) '%3e%3c/path%3e %3cpath d='M1.4161117%2c41.882831 C2.14338442%2c41.1555583 3.59792988%2c41.1555583 4.32520261%2c41.882831 C5.05247533%2c42.6101037 5.05247533%2c44.0646492 4.32520261%2c44.7919219 C3.59792988%2c45.5191946 2.14338442%2c45.5191946 1.4161117%2c44.7919219 C0.688838969%2c44.0646492 0.688838969%2c42.6101037 1.4161117%2c41.882831 Z' id='Rectangle-30' stroke='%23636363' stroke-linecap='round' stroke-linejoin='round' fill='white' transform='translate(2.870657%2c 43.337376) rotate(-270.000000) translate(-2.870657%2c -43.337376) '%3e%3c/path%3e %3cpath d='M12.7087955%2c52.7616679 L41.7087955%2c52.7616679 L12.7087955%2c52.7616679 Z' id='Path-41' stroke='%23636363' stroke-linecap='round' stroke-linejoin='round' transform='translate(27.208795%2c 52.761668) scale(-1%2c 1) translate(-27.208795%2c -52.761668) '%3e%3c/path%3e %3cpath d='M26.794633%2c51.3071224 C27.5219057%2c50.5798497 28.9764511%2c50.5798497 29.7037239%2c51.3071224 C30.4309966%2c52.0343951 30.4309966%2c53.4889406 29.7037239%2c54.2162133 C28.9764511%2c54.943486 27.5219057%2c54.943486 26.794633%2c54.2162133 C26.0673602%2c53.4889406 26.0673602%2c52.0343951 26.794633%2c51.3071224 Z' id='Rectangle-30' stroke='%23636363' stroke-linecap='round' stroke-linejoin='round' fill='white' transform='translate(28.249178%2c 52.761668) scale(-1%2c 1) translate(-28.249178%2c -52.761668) '%3e%3c/path%3e %3cpath d='M41.79675%2c51.3071224 C42.5240228%2c50.5798497 43.9785682%2c50.5798497 44.7058409%2c51.3071224 C45.4331137%2c52.0343951 45.4331137%2c53.4889406 44.7058409%2c54.2162133 C43.9785682%2c54.943486 42.5240228%2c54.943486 41.79675%2c54.2162133 C41.0694773%2c53.4889406 41.0694773%2c52.0343951 41.79675%2c51.3071224 Z' id='Rectangle-30' stroke='%23636363' stroke-linecap='round' stroke-linejoin='round' fill='white' transform='translate(43.251295%2c 52.761668) scale(-1%2c 1) translate(-43.251295%2c -52.761668) '%3e%3c/path%3e %3cpath d='M10.79675%2c51.3071224 C11.5240228%2c50.5798497 12.9785682%2c50.5798497 13.7058409%2c51.3071224 C14.4331137%2c52.0343951 14.4331137%2c53.4889406 13.7058409%2c54.2162133 C12.9785682%2c54.943486 11.5240228%2c54.943486 10.79675%2c54.2162133 C10.0694773%2c53.4889406 10.0694773%2c52.0343951 10.79675%2c51.3071224 Z' id='Rectangle-30' stroke='%23636363' stroke-linecap='round' stroke-linejoin='round' fill='white' transform='translate(12.251295%2c 52.761668) scale(-1%2c 1) translate(-12.251295%2c -52.761668) '%3e%3c/path%3e %3cpath d='M26.794633%2c1.30712241 C27.5219057%2c0.579849678 28.9764511%2c0.579849678 29.7037239%2c1.30712241 C30.4309966%2c2.03439513 30.4309966%2c3.48894059 29.7037239%2c4.21621331 C28.9764511%2c4.94348604 27.5219057%2c4.94348604 26.794633%2c4.21621331 C26.0673602%2c3.48894059 26.0673602%2c2.03439513 26.794633%2c1.30712241 Z' id='Rectangle-30' stroke='%23636363' stroke-linecap='round' stroke-linejoin='round' fill='white' transform='translate(28.249178%2c 2.761668) scale(-1%2c 1) translate(-28.249178%2c -2.761668) '%3e%3c/path%3e %3cpath d='M41.79675%2c1.30712241 C42.5240228%2c0.579849678 43.9785682%2c0.579849678 44.7058409%2c1.30712241 C45.4331137%2c2.03439513 45.4331137%2c3.48894059 44.7058409%2c4.21621331 C43.9785682%2c4.94348604 42.5240228%2c4.94348604 41.79675%2c4.21621331 C41.0694773%2c3.48894059 41.0694773%2c2.03439513 41.79675%2c1.30712241 Z' id='Rectangle-30' stroke='%23636363' stroke-linecap='round' stroke-linejoin='round' fill='white' transform='translate(43.251295%2c 2.761668) scale(-1%2c 1) translate(-43.251295%2c -2.761668) '%3e%3c/path%3e %3cpath d='M10.79675%2c1.30712241 C11.5240228%2c0.579849678 12.9785682%2c0.579849678 13.7058409%2c1.30712241 C14.4331137%2c2.03439513 14.4331137%2c3.48894059 13.7058409%2c4.21621331 C12.9785682%2c4.94348604 11.5240228%2c4.94348604 10.79675%2c4.21621331 C10.0694773%2c3.48894059 10.0694773%2c2.03439513 10.79675%2c1.30712241 Z' id='Rectangle-30' stroke='%23636363' stroke-linecap='round' stroke-linejoin='round' fill='white' transform='translate(12.251295%2c 2.761668) scale(-1%2c 1) translate(-12.251295%2c -2.761668) '%3e%3c/path%3e %3cpath d='M26.8573052%2c31.9032203 C26.8573052%2c30.8244029 27.715362%2c29.7537529 29.1641302%2c29.753753 C30.6128985%2c29.753753 31.4952154%2c30.8648768 31.4952154%2c31.9845914' id='Path-185-Copy' stroke='%23636363' stroke-linecap='round' stroke-linejoin='round' transform='translate(29.176260%2c 30.869172) rotate(-180.000000) translate(-29.176260%2c -30.869172) '%3e%3c/path%3e %3cpath d='M17.7408648%2c25.0760063 C17.7408648%2c25.0760063 17.4799907%2c21.5368219 20.2364086%2c21.5368221 C22.780818%2c21.5368223 22.7319523%2c25.0760063 22.7319523%2c25.0760063' id='Path-71-Copy-2' stroke='%23636363' stroke-linecap='round' stroke-linejoin='round'%3e%3c/path%3e %3cpath d='M35.0054141%2c25.0760063 C35.0054141%2c25.0760063 34.74454%2c21.5368219 37.5009578%2c21.5368221 C40.0453672%2c21.5368223 39.9965015%2c25.0760063 39.9965015%2c25.0760063' id='Path-71-Copy' stroke='%23636363' stroke-linecap='round' stroke-linejoin='round'%3e%3c/path%3e %3c/g%3e %3c/g%3e %3c/g%3e %3c/g%3e %3c/g%3e %3c/svg%3e"`;

exports[`"generator" option should work with "Function" mini-svg-data-uri generator: warnings 1`] = `Array []`;

exports[`"generator" option should work with unspecified value with the default base64 encoding: assets 1`] = `
Array [
  "main.bundle.js",
]
`;

exports[`"generator" option should work with unspecified value with the default base64 encoding: errors 1`] = `Array []`;

exports[`"generator" option should work with unspecified value with the default base64 encoding: result 1`] = `"data:image/svg+xml;base64,PD94bWwgdmVyc2lvbj0iMS4wIiBlbmNvZGluZz0iVVRGLTgiIHN0YW5kYWxvbmU9Im5vIj8+Cjxzdmcgd2lkdGg9Ijc1cHgiIGhlaWdodD0iNzVweCIgdmlld0JveD0iMCAwIDc1IDc1IiB2ZXJzaW9uPSIxLjEiIHhtbG5zPSJodHRwOi8vd3d3LnczLm9yZy8yMDAwL3N2ZyIgeG1sbnM6eGxpbms9Imh0dHA6Ly93d3cudzMub3JnLzE5OTkveGxpbmsiPgogICAgPCEtLSBHZW5lcmF0b3I6IFNrZXRjaCAzLjcuMSAoMjgyMTUpIC0gaHR0cDovL3d3dy5ib2hlbWlhbmNvZGluZy5jb20vc2tldGNoIC0tPgogICAgPHRpdGxlPm1vY2hpPC90aXRsZT4KICAgIDxkZXNjPkNyZWF0ZWQgd2l0aCBTa2V0Y2guPC9kZXNjPgogICAgPGRlZnM+CiAgICAgICAgPHJlY3QgaWQ9InBhdGgtMSIgeD0iMCIgeT0iMCIgd2lkdGg9IjcwIiBoZWlnaHQ9IjcwIiByeD0iMyI+PC9yZWN0PgogICAgICAgIDxtYXNrIGlkPSJtYXNrLTIiIG1hc2tDb250ZW50VW5pdHM9InVzZXJTcGFjZU9uVXNlIiBtYXNrVW5pdHM9Im9iamVjdEJvdW5kaW5nQm94IiB4PSIwIiB5PSIwIiB3aWR0aD0iNzAiIGhlaWdodD0iNzAiIGZpbGw9IndoaXRlIj4KICAgICAgICAgICAgPHVzZSB4bGluazpocmVmPSIjcGF0aC0xIj48L3VzZT4KICAgICAgICA8L21hc2s+CiAgICA8L2RlZnM+CiAgICA8ZyBpZD0iUGFnZS0xIiBzdHJva2U9Im5vbmUiIHN0cm9rZS13aWR0aD0iMSIgZmlsbD0ibm9uZSIgZmlsbC1ydWxlPSJldmVub2RkIj4KICAgICAgICA8ZyBpZD0ibW9jaGkiPgogICAgICAgICAgICA8ZyBpZD0iR3JvdXAtMTUiIHRyYW5zZm9ybT0idHJhbnNsYXRlKDEuMDAwMDAwLCAxLjAwMDAwMCkiPgogICAgICAgICAgICAgICAgPHJlY3QgaWQ9IlJlY3RhbmdsZS02OC1Db3B5LTciIGZpbGw9IiM0MTQxNDEiIG9wYWNpdHk9IjAuMTQ5MDU1NTA0IiB4PSIzIiB5PSIzIiB3aWR0aD0iNzAiIGhlaWdodD0iNzAiIHJ4PSIzIj48L3JlY3Q+CiAgICAgICAgICAgICAgICA8dXNlIGlkPSJSZWN0YW5nbGUtNjgiIHN0cm9rZT0iIzYzNjM2MyIgbWFzaz0idXJsKCNtYXNrLTIpIiBzdHJva2Utd2lkdGg9IjUiIHN0cm9rZS1saW5lY2FwPSJyb3VuZCIgc3Ryb2tlLWxpbmVqb2luPSJyb3VuZCIgZmlsbD0iI0ZGRkZGRiIgeGxpbms6aHJlZj0iI3BhdGgtMSI+PC91c2U+CiAgICAgICAgICAgICAgICA8ZyBpZD0iR3JvdXAtOSIgdHJhbnNmb3JtPSJ0cmFuc2xhdGUoNy4wMDAwMDAsIDguMDAwMDAwKSI+CiAgICAgICAgICAgICAgICAgICAgPHBhdGggZD0iTTEyLjcwODc5NTUsMi43NjE2Njc4NiBMNDEuNzA4Nzk1NSwyLjc2MTY2Nzg2IEwxMi43MDg3OTU1LDIuNzYxNjY3ODYgWiIgaWQ9IlBhdGgtNDEiIHN0cm9rZT0iIzYzNjM2MyIgc3Ryb2tlLWxpbmVjYXA9InJvdW5kIiBzdHJva2UtbGluZWpvaW49InJvdW5kIiB0cmFuc2Zvcm09InRyYW5zbGF0ZSgyNy4yMDg3OTUsIDIuNzYxNjY4KSBzY2FsZSgtMSwgMSkgdHJhbnNsYXRlKC0yNy4yMDg3OTUsIC0yLjc2MTY2OCkgIj48L3BhdGg+CiAgICAgICAgICAgICAgICAgICAgPGcgaWQ9Ikdyb3VwLTciPgogICAgICAgICAgICAgICAgICAgICAgICA8cGF0aCBkPSJNMzEuMzM1OTE0Miw1NS41NjI5MjU4IEM0NC45NzIzNTc0LDU1LjU2MjkyNTggNTYuMDI2ODc4OSw0NC41MDg0MDQ0IDU2LjAyNjg3ODksMzAuODcxOTYxMSBDNTYuMDI2ODc4OSwxNy4yMzU1MTc4IDQ0Ljk3MjM1NzQsNi4xODA5OTY0MiAzMS4zMzU5MTQyLDYuMTgwOTk2NDIgQzE3LjY5OTQ3MDksNi4xODA5OTY0MiA2LjY0NDk0OTUsMTcuMjM1NTE3OCA2LjY0NDk0OTUsMzAuODcxOTYxMSBDNi42NDQ5NDk1LDQ0LjUwODQwNDQgMTcuNjk5NDcwOSw1NS41NjI5MjU4IDMxLjMzNTkxNDIsNTUuNTYyOTI1OCBaIiBpZD0iT3ZhbC0zMS1Db3B5LTUiIGZpbGw9IiM0MTQxNDEiIG9wYWNpdHk9IjAuMTQ5MDU1NTA0Ij48L3BhdGg+CiAgICAgICAgICAgICAgICAgICAgICAgIDxwYXRoIGQ9Ik0yOC4zMzU5MTQyLDUyLjU2MjkyNTggQzQxLjk3MjM1NzQsNTIuNTYyOTI1OCA1My4wMjY4Nzg5LDQxLjUwODQwNDQgNTMuMDI2ODc4OSwyNy44NzE5NjExIEM1My4wMjY4Nzg5LDE0LjIzNTUxNzggNDEuOTcyMzU3NCwzLjE4MDk5NjQyIDI4LjMzNTkxNDIsMy4xODA5OTY0MiBDMTQuNjk5NDcwOSwzLjE4MDk5NjQyIDMuNjQ0OTQ5NSwxNC4yMzU1MTc4IDMuNjQ0OTQ5NSwyNy44NzE5NjExIEMzLjY0NDk0OTUsNDEuNTA4NDA0NCAxNC42OTk0NzA5LDUyLjU2MjkyNTggMjguMzM1OTE0Miw1Mi41NjI5MjU4IFoiIGlkPSJPdmFsLTMxIiBzdHJva2U9IiM2MzYzNjMiIHN0cm9rZS13aWR0aD0iMi41IiBmaWxsPSIjRkZGRkZGIj48L3BhdGg+CiAgICAgICAgICAgICAgICAgICAgICAgIDxwYXRoIGQ9Ik0yMy4wNzk0OTI1LDcuMDQ3NTg5OTcgQzE2LjcwNzEyMjUsOC43NDQ5MTU3OSAxMS42NDU0NTI1LDEyLjk3MDQwMiA4Ljk4OTgxMjM4LDE4LjQ5OTkyMTkiIGlkPSJQYXRoLTIxIiBzdHJva2U9IiM2MzYzNjMiIHN0cm9rZS1saW5lY2FwPSJyb3VuZCIgc3Ryb2tlLWxpbmVqb2luPSJyb3VuZCI+PC9wYXRoPgogICAgICAgICAgICAgICAgICAgICAgICA8ZWxsaXBzZSBpZD0iT3ZhbC0zMiIgZmlsbD0iI0YzQTVBNSIgY3g9IjQwLjgyMTExODQiIGN5PSIyOC42NjI1MDIxIiByeD0iMy41NzU1OTk1OCIgcnk9IjIuMzEyMjY2MjIiPjwvZWxsaXBzZT4KICAgICAgICAgICAgICAgICAgICAgICAgPGVsbGlwc2UgaWQ9Ik92YWwtMzIiIGZpbGw9IiNGM0E1QTUiIGN4PSIxNy41MzE0MDIyIiBjeT0iMjguNDk0MDI5OCIgcng9IjMuNTc1NTk5NTgiIHJ5PSIyLjMxMjI2NjIyIj48L2VsbGlwc2U+CiAgICAgICAgICAgICAgICAgICAgICAgIDxwYXRoIGQ9Ik0zOS4zNzA2NTcyLDI3IEw2OC4zNzA2NTcyLDI3IEwzOS4zNzA2NTcyLDI3IFoiIGlkPSJQYXRoLTQxIiBzdHJva2U9IiM2MzYzNjMiIHN0cm9rZS1saW5lY2FwPSJyb3VuZCIgc3Ryb2tlLWxpbmVqb2luPSJyb3VuZCIgdHJhbnNmb3JtPSJ0cmFuc2xhdGUoNTMuODcwNjU3LCAyNy4wMDAwMDApIHJvdGF0ZSgtMjcwLjAwMDAwMCkgdHJhbnNsYXRlKC01My44NzA2NTcsIC0yNy4wMDAwMDApICI+PC9wYXRoPgogICAgICAgICAgICAgICAgICAgICAgICA8cGF0aCBkPSJNNTIuNDE2MTExNywyNi44ODI4MzEgQzUzLjE0MzM4NDQsMjYuMTU1NTU4MyA1NC41OTc5Mjk5LDI2LjE1NTU1ODMgNTUuMzI1MjAyNiwyNi44ODI4MzEgQzU2LjA1MjQ3NTMsMjcuNjEwMTAzNyA1Ni4wNTI0NzUzLDI5LjA2NDY0OTIgNTUuMzI1MjAyNiwyOS43OTE5MjE5IEM1NC41OTc5Mjk5LDMwLjUxOTE5NDYgNTMuMTQzMzg0NCwzMC41MTkxOTQ2IDUyLjQxNjExMTcsMjkuNzkxOTIxOSBDNTEuNjg4ODM5LDI5LjA2NDY0OTIgNTEuNjg4ODM5LDI3LjYxMDEwMzcgNTIuNDE2MTExNywyNi44ODI4MzEgWiIgaWQ9IlJlY3RhbmdsZS0zMCIgc3Ryb2tlPSIjNjM2MzYzIiBzdHJva2UtbGluZWNhcD0icm91bmQiIHN0cm9rZS1saW5lam9pbj0icm91bmQiIGZpbGw9IiNGRkZGRkYiIHRyYW5zZm9ybT0idHJhbnNsYXRlKDUzLjg3MDY1NywgMjguMzM3Mzc2KSByb3RhdGUoLTI3MC4wMDAwMDApIHRyYW5zbGF0ZSgtNTMuODcwNjU3LCAtMjguMzM3Mzc2KSAiPjwvcGF0aD4KICAgICAgICAgICAgICAgICAgICAgICAgPHBhdGggZD0iTTUyLjQxNjExMTcsMTEuODgyODMxIEM1My4xNDMzODQ0LDExLjE1NTU1ODMgNTQuNTk3OTI5OSwxMS4xNTU1NTgzIDU1LjMyNTIwMjYsMTEuODgyODMxIEM1Ni4wNTI0NzUzLDEyLjYxMDEwMzcgNTYuMDUyNDc1MywxNC4wNjQ2NDkyIDU1LjMyNTIwMjYsMTQuNzkxOTIxOSBDNTQuNTk3OTI5OSwxNS41MTkxOTQ2IDUzLjE0MzM4NDQsMTUuNTE5MTk0NiA1Mi40MTYxMTE3LDE0Ljc5MTkyMTkgQzUxLjY4ODgzOSwxNC4wNjQ2NDkyIDUxLjY4ODgzOSwxMi42MTAxMDM3IDUyLjQxNjExMTcsMTEuODgyODMxIFoiIGlkPSJSZWN0YW5nbGUtMzAiIHN0cm9rZT0iIzYzNjM2MyIgc3Ryb2tlLWxpbmVjYXA9InJvdW5kIiBzdHJva2UtbGluZWpvaW49InJvdW5kIiBmaWxsPSIjRkZGRkZGIiB0cmFuc2Zvcm09InRyYW5zbGF0ZSg1My44NzA2NTcsIDEzLjMzNzM3Nikgcm90YXRlKC0yNzAuMDAwMDAwKSB0cmFuc2xhdGUoLTUzLjg3MDY1NywgLTEzLjMzNzM3NikgIj48L3BhdGg+CiAgICAgICAgICAgICAgICAgICAgICAgIDxwYXRoIGQ9Ik01Mi40MTYxMTE3LDQxLjg4MjgzMSBDNTMuMTQzMzg0NCw0MS4xNTU1NTgzIDU0LjU5NzkyOTksNDEuMTU1NTU4MyA1NS4zMjUyMDI2LDQxLjg4MjgzMSBDNTYuMDUyNDc1Myw0Mi42MTAxMDM3IDU2LjA1MjQ3NTMsNDQuMDY0NjQ5MiA1NS4zMjUyMDI2LDQ0Ljc5MTkyMTkgQzU0LjU5NzkyOTksNDUuNTE5MTk0NiA1My4xNDMzODQ0LDQ1LjUxOTE5NDYgNTIuNDE2MTExNyw0NC43OTE5MjE5IEM1MS42ODg4MzksNDQuMDY0NjQ5MiA1MS42ODg4MzksNDIuNjEwMTAzNyA1Mi40MTYxMTE3LDQxLjg4MjgzMSBaIiBpZD0iUmVjdGFuZ2xlLTMwIiBzdHJva2U9IiM2MzYzNjMiIHN0cm9rZS1saW5lY2FwPSJyb3VuZCIgc3Ryb2tlLWxpbmVqb2luPSJyb3VuZCIgZmlsbD0iI0ZGRkZGRiIgdHJhbnNmb3JtPSJ0cmFuc2xhdGUoNTMuODcwNjU3LCA0My4zMzczNzYpIHJvdGF0ZSgtMjcwLjAwMDAwMCkgdHJhbnNsYXRlKC01My44NzA2NTcsIC00My4zMzczNzYpICI+PC9wYXRoPgogICAgICAgICAgICAgICAgICAgICAgICA8cGF0aCBkPSJNLTExLjYyOTM0MjgsMjcgTDE3LjM3MDY1NzIsMjcgTC0xMS42MjkzNDI4LDI3IFoiIGlkPSJQYXRoLTQxIiBzdHJva2U9IiM2MzYzNjMiIHN0cm9rZS1saW5lY2FwPSJyb3VuZCIgc3Ryb2tlLWxpbmVqb2luPSJyb3VuZCIgdHJhbnNmb3JtPSJ0cmFuc2xhdGUoMi44NzA2NTcsIDI3LjAwMDAwMCkgcm90YXRlKC0yNzAuMDAwMDAwKSB0cmFuc2xhdGUoLTIuODcwNjU3LCAtMjcuMDAwMDAwKSAiPjwvcGF0aD4KICAgICAgICAgICAgICAgICAgICAgICAgPHBhdGggZD0iTTEuNDE2MTExNywyNi44ODI4MzEgQzIuMTQzMzg0NDIsMjYuMTU1NTU4MyAzLjU5NzkyOTg4LDI2LjE1NTU1ODMgNC4zMjUyMDI2MSwyNi44ODI4MzEgQzUuMDUyNDc1MzMsMjcuNjEwMTAzNyA1LjA1MjQ3NTMzLDI5LjA2NDY0OTIgNC4zMjUyMDI2MSwyOS43OTE5MjE5IEMzLjU5NzkyOTg4LDMwLjUxOTE5NDYgMi4xNDMzODQ0MiwzMC41MTkxOTQ2IDEuNDE2MTExNywyOS43OTE5MjE5IEMwLjY4ODgzODk2OSwyOS4wNjQ2NDkyIDAuNjg4ODM4OTY5LDI3LjYxMDEwMzcgMS40MTYxMTE3LDI2Ljg4MjgzMSBaIiBpZD0iUmVjdGFuZ2xlLTMwIiBzdHJva2U9IiM2MzYzNjMiIHN0cm9rZS1saW5lY2FwPSJyb3VuZCIgc3Ryb2tlLWxpbmVqb2luPSJyb3VuZCIgZmlsbD0iI0ZGRkZGRiIgdHJhbnNmb3JtPSJ0cmFuc2xhdGUoMi44NzA2NTcsIDI4LjMzNzM3Nikgcm90YXRlKC0yNzAuMDAwMDAwKSB0cmFuc2xhdGUoLTIuODcwNjU3LCAtMjguMzM3Mzc2KSAiPjwvcGF0aD4KICAgICAgICAgICAgICAgICAgICAgICAgPHBhdGggZD0iTTEuNDE2MTExNywxMS44ODI4MzEgQzIuMTQzMzg0NDIsMTEuMTU1NTU4MyAzLjU5NzkyOTg4LDExLjE1NTU1ODMgNC4zMjUyMDI2MSwxMS44ODI4MzEgQzUuMDUyNDc1MzMsMTIuNjEwMTAzNyA1LjA1MjQ3NTMzLDE0LjA2NDY0OTIgNC4zMjUyMDI2MSwxNC43OTE5MjE5IEMzLjU5NzkyOTg4LDE1LjUxOTE5NDYgMi4xNDMzODQ0MiwxNS41MTkxOTQ2IDEuNDE2MTExNywxNC43OTE5MjE5IEMwLjY4ODgzODk2OSwxNC4wNjQ2NDkyIDAuNjg4ODM4OTY5LDEyLjYxMDEwMzcgMS40MTYxMTE3LDExLjg4MjgzMSBaIiBpZD0iUmVjdGFuZ2xlLTMwIiBzdHJva2U9IiM2MzYzNjMiIHN0cm9rZS1saW5lY2FwPSJyb3VuZCIgc3Ryb2tlLWxpbmVqb2luPSJyb3VuZCIgZmlsbD0iI0ZGRkZGRiIgdHJhbnNmb3JtPSJ0cmFuc2xhdGUoMi44NzA2NTcsIDEzLjMzNzM3Nikgcm90YXRlKC0yNzAuMDAwMDAwKSB0cmFuc2xhdGUoLTIuODcwNjU3LCAtMTMuMzM3Mzc2KSAiPjwvcGF0aD4KICAgICAgICAgICAgICAgICAgICAgICAgPHBhdGggZD0iTTEuNDE2MTExNyw0MS44ODI4MzEgQzIuMTQzMzg0NDIsNDEuMTU1NTU4MyAzLjU5NzkyOTg4LDQxLjE1NTU1ODMgNC4zMjUyMDI2MSw0MS44ODI4MzEgQzUuMDUyNDc1MzMsNDIuNjEwMTAzNyA1LjA1MjQ3NTMzLDQ0LjA2NDY0OTIgNC4zMjUyMDI2MSw0NC43OTE5MjE5IEMzLjU5NzkyOTg4LDQ1LjUxOTE5NDYgMi4xNDMzODQ0Miw0NS41MTkxOTQ2IDEuNDE2MTExNyw0NC43OTE5MjE5IEMwLjY4ODgzODk2OSw0NC4wNjQ2NDkyIDAuNjg4ODM4OTY5LDQyLjYxMDEwMzcgMS40MTYxMTE3LDQxLjg4MjgzMSBaIiBpZD0iUmVjdGFuZ2xlLTMwIiBzdHJva2U9IiM2MzYzNjMiIHN0cm9rZS1saW5lY2FwPSJyb3VuZCIgc3Ryb2tlLWxpbmVqb2luPSJyb3VuZCIgZmlsbD0iI0ZGRkZGRiIgdHJhbnNmb3JtPSJ0cmFuc2xhdGUoMi44NzA2NTcsIDQzLjMzNzM3Nikgcm90YXRlKC0yNzAuMDAwMDAwKSB0cmFuc2xhdGUoLTIuODcwNjU3LCAtNDMuMzM3Mzc2KSAiPjwvcGF0aD4KICAgICAgICAgICAgICAgICAgICAgICAgPHBhdGggZD0iTTEyLjcwODc5NTUsNTIuNzYxNjY3OSBMNDEuNzA4Nzk1NSw1Mi43NjE2Njc5IEwxMi43MDg3OTU1LDUyLjc2MTY2NzkgWiIgaWQ9IlBhdGgtNDEiIHN0cm9rZT0iIzYzNjM2MyIgc3Ryb2tlLWxpbmVjYXA9InJvdW5kIiBzdHJva2UtbGluZWpvaW49InJvdW5kIiB0cmFuc2Zvcm09InRyYW5zbGF0ZSgyNy4yMDg3OTUsIDUyLjc2MTY2OCkgc2NhbGUoLTEsIDEpIHRyYW5zbGF0ZSgtMjcuMjA4Nzk1LCAtNTIuNzYxNjY4KSAiPjwvcGF0aD4KICAgICAgICAgICAgICAgICAgICAgICAgPHBhdGggZD0iTTI2Ljc5NDYzMyw1MS4zMDcxMjI0IEMyNy41MjE5MDU3LDUwLjU3OTg0OTcgMjguOTc2NDUxMSw1MC41Nzk4NDk3IDI5LjcwMzcyMzksNTEuMzA3MTIyNCBDMzAuNDMwOTk2Niw1Mi4wMzQzOTUxIDMwLjQzMDk5NjYsNTMuNDg4OTQwNiAyOS43MDM3MjM5LDU0LjIxNjIxMzMgQzI4Ljk3NjQ1MTEsNTQuOTQzNDg2IDI3LjUyMTkwNTcsNTQuOTQzNDg2IDI2Ljc5NDYzMyw1NC4yMTYyMTMzIEMyNi4wNjczNjAyLDUzLjQ4ODk0MDYgMjYuMDY3MzYwMiw1Mi4wMzQzOTUxIDI2Ljc5NDYzMyw1MS4zMDcxMjI0IFoiIGlkPSJSZWN0YW5nbGUtMzAiIHN0cm9rZT0iIzYzNjM2MyIgc3Ryb2tlLWxpbmVjYXA9InJvdW5kIiBzdHJva2UtbGluZWpvaW49InJvdW5kIiBmaWxsPSIjRkZGRkZGIiB0cmFuc2Zvcm09InRyYW5zbGF0ZSgyOC4yNDkxNzgsIDUyLjc2MTY2OCkgc2NhbGUoLTEsIDEpIHRyYW5zbGF0ZSgtMjguMjQ5MTc4LCAtNTIuNzYxNjY4KSAiPjwvcGF0aD4KICAgICAgICAgICAgICAgICAgICAgICAgPHBhdGggZD0iTTQxLjc5Njc1LDUxLjMwNzEyMjQgQzQyLjUyNDAyMjgsNTAuNTc5ODQ5NyA0My45Nzg1NjgyLDUwLjU3OTg0OTcgNDQuNzA1ODQwOSw1MS4zMDcxMjI0IEM0NS40MzMxMTM3LDUyLjAzNDM5NTEgNDUuNDMzMTEzNyw1My40ODg5NDA2IDQ0LjcwNTg0MDksNTQuMjE2MjEzMyBDNDMuOTc4NTY4Miw1NC45NDM0ODYgNDIuNTI0MDIyOCw1NC45NDM0ODYgNDEuNzk2NzUsNTQuMjE2MjEzMyBDNDEuMDY5NDc3Myw1My40ODg5NDA2IDQxLjA2OTQ3NzMsNTIuMDM0Mzk1MSA0MS43OTY3NSw1MS4zMDcxMjI0IFoiIGlkPSJSZWN0YW5nbGUtMzAiIHN0cm9rZT0iIzYzNjM2MyIgc3Ryb2tlLWxpbmVjYXA9InJvdW5kIiBzdHJva2UtbGluZWpvaW49InJvdW5kIiBmaWxsPSIjRkZGRkZGIiB0cmFuc2Zvcm09InRyYW5zbGF0ZSg0My4yNTEyOTUsIDUyLjc2MTY2OCkgc2NhbGUoLTEsIDEpIHRyYW5zbGF0ZSgtNDMuMjUxMjk1LCAtNTIuNzYxNjY4KSAiPjwvcGF0aD4KICAgICAgICAgICAgICAgICAgICAgICAgPHBhdGggZD0iTTEwLjc5Njc1LDUxLjMwNzEyMjQgQzExLjUyNDAyMjgsNTAuNTc5ODQ5NyAxMi45Nzg1NjgyLDUwLjU3OTg0OTcgMTMuNzA1ODQwOSw1MS4zMDcxMjI0IEMxNC40MzMxMTM3LDUyLjAzNDM5NTEgMTQuNDMzMTEzNyw1My40ODg5NDA2IDEzLjcwNTg0MDksNTQuMjE2MjEzMyBDMTIuOTc4NTY4Miw1NC45NDM0ODYgMTEuNTI0MDIyOCw1NC45NDM0ODYgMTAuNzk2NzUsNTQuMjE2MjEzMyBDMTAuMDY5NDc3Myw1My40ODg5NDA2IDEwLjA2OTQ3NzMsNTIuMDM0Mzk1MSAxMC43OTY3NSw1MS4zMDcxMjI0IFoiIGlkPSJSZWN0YW5nbGUtMzAiIHN0cm9rZT0iIzYzNjM2MyIgc3Ryb2tlLWxpbmVjYXA9InJvdW5kIiBzdHJva2UtbGluZWpvaW49InJvdW5kIiBmaWxsPSIjRkZGRkZGIiB0cmFuc2Zvcm09InRyYW5zbGF0ZSgxMi4yNTEyOTUsIDUyLjc2MTY2OCkgc2NhbGUoLTEsIDEpIHRyYW5zbGF0ZSgtMTIuMjUxMjk1LCAtNTIuNzYxNjY4KSAiPjwvcGF0aD4KICAgICAgICAgICAgICAgICAgICAgICAgPHBhdGggZD0iTTI2Ljc5NDYzMywxLjMwNzEyMjQxIEMyNy41MjE5MDU3LDAuNTc5ODQ5Njc4IDI4Ljk3NjQ1MTEsMC41Nzk4NDk2NzggMjkuNzAzNzIzOSwxLjMwNzEyMjQxIEMzMC40MzA5OTY2LDIuMDM0Mzk1MTMgMzAuNDMwOTk2NiwzLjQ4ODk0MDU5IDI5LjcwMzcyMzksNC4yMTYyMTMzMSBDMjguOTc2NDUxMSw0Ljk0MzQ4NjA0IDI3LjUyMTkwNTcsNC45NDM0ODYwNCAyNi43OTQ2MzMsNC4yMTYyMTMzMSBDMjYuMDY3MzYwMiwzLjQ4ODk0MDU5IDI2LjA2NzM2MDIsMi4wMzQzOTUxMyAyNi43OTQ2MzMsMS4zMDcxMjI0MSBaIiBpZD0iUmVjdGFuZ2xlLTMwIiBzdHJva2U9IiM2MzYzNjMiIHN0cm9rZS1saW5lY2FwPSJyb3VuZCIgc3Ryb2tlLWxpbmVqb2luPSJyb3VuZCIgZmlsbD0iI0ZGRkZGRiIgdHJhbnNmb3JtPSJ0cmFuc2xhdGUoMjguMjQ5MTc4LCAyLjc2MTY2OCkgc2NhbGUoLTEsIDEpIHRyYW5zbGF0ZSgtMjguMjQ5MTc4LCAtMi43NjE2NjgpICI+PC9wYXRoPgogICAgICAgICAgICAgICAgICAgICAgICA8cGF0aCBkPSJNNDEuNzk2NzUsMS4zMDcxMjI0MSBDNDIuNTI0MDIyOCwwLjU3OTg0OTY3OCA0My45Nzg1NjgyLDAuNTc5ODQ5Njc4IDQ0LjcwNTg0MDksMS4zMDcxMjI0MSBDNDUuNDMzMTEzNywyLjAzNDM5NTEzIDQ1LjQzMzExMzcsMy40ODg5NDA1OSA0NC43MDU4NDA5LDQuMjE2MjEzMzEgQzQzLjk3ODU2ODIsNC45NDM0ODYwNCA0Mi41MjQwMjI4LDQuOTQzNDg2MDQgNDEuNzk2NzUsNC4yMTYyMTMzMSBDNDEuMDY5NDc3MywzLjQ4ODk0MDU5IDQxLjA2OTQ3NzMsMi4wMzQzOTUxMyA0MS43OTY3NSwxLjMwNzEyMjQxIFoiIGlkPSJSZWN0YW5nbGUtMzAiIHN0cm9rZT0iIzYzNjM2MyIgc3Ryb2tlLWxpbmVjYXA9InJvdW5kIiBzdHJva2UtbGluZWpvaW49InJvdW5kIiBmaWxsPSIjRkZGRkZGIiB0cmFuc2Zvcm09InRyYW5zbGF0ZSg0My4yNTEyOTUsIDIuNzYxNjY4KSBzY2FsZSgtMSwgMSkgdHJhbnNsYXRlKC00My4yNTEyOTUsIC0yLjc2MTY2OCkgIj48L3BhdGg+CiAgICAgICAgICAgICAgICAgICAgICAgIDxwYXRoIGQ9Ik0xMC43OTY3NSwxLjMwNzEyMjQxIEMxMS41MjQwMjI4LDAuNTc5ODQ5Njc4IDEyLjk3ODU2ODIsMC41Nzk4NDk2NzggMTMuNzA1ODQwOSwxLjMwNzEyMjQxIEMxNC40MzMxMTM3LDIuMDM0Mzk1MTMgMTQuNDMzMTEzNywzLjQ4ODk0MDU5IDEzLjcwNTg0MDksNC4yMTYyMTMzMSBDMTIuOTc4NTY4Miw0Ljk0MzQ4NjA0IDExLjUyNDAyMjgsNC45NDM0ODYwNCAxMC43OTY3NSw0LjIxNjIxMzMxIEMxMC4wNjk0NzczLDMuNDg4OTQwNTkgMTAuMDY5NDc3MywyLjAzNDM5NTEzIDEwLjc5Njc1LDEuMzA3MTIyNDEgWiIgaWQ9IlJlY3RhbmdsZS0zMCIgc3Ryb2tlPSIjNjM2MzYzIiBzdHJva2UtbGluZWNhcD0icm91bmQiIHN0cm9rZS1saW5lam9pbj0icm91bmQiIGZpbGw9IiNGRkZGRkYiIHRyYW5zZm9ybT0idHJhbnNsYXRlKDEyLjI1MTI5NSwgMi43NjE2NjgpIHNjYWxlKC0xLCAxKSB0cmFuc2xhdGUoLTEyLjI1MTI5NSwgLTIuNzYxNjY4KSAiPjwvcGF0aD4KICAgICAgICAgICAgICAgICAgICAgICAgPHBhdGggZD0iTTI2Ljg1NzMwNTIsMzEuOTAzMjIwMyBDMjYuODU3MzA1MiwzMC44MjQ0MDI5IDI3LjcxNTM2MiwyOS43NTM3NTI5IDI5LjE2NDEzMDIsMjkuNzUzNzUzIEMzMC42MTI4OTg1LDI5Ljc1Mzc1MyAzMS40OTUyMTU0LDMwLjg2NDg3NjggMzEuNDk1MjE1NCwzMS45ODQ1OTE0IiBpZD0iUGF0aC0xODUtQ29weSIgc3Ryb2tlPSIjNjM2MzYzIiBzdHJva2UtbGluZWNhcD0icm91bmQiIHN0cm9rZS1saW5lam9pbj0icm91bmQiIHRyYW5zZm9ybT0idHJhbnNsYXRlKDI5LjE3NjI2MCwgMzAuODY5MTcyKSByb3RhdGUoLTE4MC4wMDAwMDApIHRyYW5zbGF0ZSgtMjkuMTc2MjYwLCAtMzAuODY5MTcyKSAiPjwvcGF0aD4KICAgICAgICAgICAgICAgICAgICAgICAgPHBhdGggZD0iTTE3Ljc0MDg2NDgsMjUuMDc2MDA2MyBDMTcuNzQwODY0OCwyNS4wNzYwMDYzIDE3LjQ3OTk5MDcsMjEuNTM2ODIxOSAyMC4yMzY0MDg2LDIxLjUzNjgyMjEgQzIyLjc4MDgxOCwyMS41MzY4MjIzIDIyLjczMTk1MjMsMjUuMDc2MDA2MyAyMi43MzE5NTIzLDI1LjA3NjAwNjMiIGlkPSJQYXRoLTcxLUNvcHktMiIgc3Ryb2tlPSIjNjM2MzYzIiBzdHJva2UtbGluZWNhcD0icm91bmQiIHN0cm9rZS1saW5lam9pbj0icm91bmQiPjwvcGF0aD4KICAgICAgICAgICAgICAgICAgICAgICAgPHBhdGggZD0iTTM1LjAwNTQxNDEsMjUuMDc2MDA2MyBDMzUuMDA1NDE0MSwyNS4wNzYwMDYzIDM0Ljc0NDU0LDIxLjUzNjgyMTkgMzcuNTAwOTU3OCwyMS41MzY4MjIxIEM0MC4wNDUzNjcyLDIxLjUzNjgyMjMgMzkuOTk2NTAxNSwyNS4wNzYwMDYzIDM5Ljk5NjUwMTUsMjUuMDc2MDA2MyIgaWQ9IlBhdGgtNzEtQ29weSIgc3Ryb2tlPSIjNjM2MzYzIiBzdHJva2UtbGluZWNhcD0icm91bmQiIHN0cm9rZS1saW5lam9pbj0icm91bmQiPjwvcGF0aD4KICAgICAgICAgICAgICAgICAgICA8L2c+CiAgICAgICAgICAgICAgICA8L2c+CiAgICAgICAgICAgIDwvZz4KICAgICAgICA8L2c+CiAgICA8L2c+Cjwvc3ZnPg=="`;

exports[`"generator" option should work with unspecified value with the default base64 encoding: warnings 1`] = `Array []`;
