// Jest Snapshot v1, https://goo.gl/fbAQLP

exports[`loader should work with ModuleConcatenationPlugin with fallback: assets 1`] = `
Array [
  "9c87cbf3ba33126ffd25ae7f2f6bbafb.png",
  "main.bundle.js",
]
`;

exports[`loader should work with ModuleConcatenationPlugin with fallback: errors 1`] = `Array []`;

exports[`loader should work with ModuleConcatenationPlugin with fallback: result 1`] = `"9c87cbf3ba33126ffd25ae7f2f6bbafb.png"`;

exports[`loader should work with ModuleConcatenationPlugin with fallback: warnings 1`] = `Array []`;

exports[`loader should work with ModuleConcatenationPlugin: assets 1`] = `
Array [
  "main.bundle.js",
]
`;

exports[`loader should work with ModuleConcatenationPlugin: errors 1`] = `Array []`;

exports[`loader should work with ModuleConcatenationPlugin: result 1`] = `"data:image/png;base64,iVBORw0KGgoAAAANSUhEUgAAAJYAAACWCAYAAAA8AXHiAAAAAXNSR0IArs4c6QAAGjNJREFUeAHtnQewFMXWx/uSxZxRUTGAAcyYnwpiJhgRFRCM6GeBZaklopaUWoUo9cwIqPhhAjGAWRQTRjAgijnnLOqnAgL3fv3rR+/r29uzO7t3e3Z2t0/V1uzM9Mx0n/nP6dPnnD4tRKDAgcCBwIFK4UCdq6JDhw5dZeHChRfKc4c2NDR0kNtWrnLhWE1woKGuru4X2dKX5fbym2666aU4rc4C1pAhQ/ZetmzZ7RJQG8W5QShTOxyQwKqXuPj3hhtueN7IkSPrc7W8uXny1FNPXa++vv55eXE783j4HziwnAMIoj3+T9Ibb7zxci6uNDNPSkk1VoJqdfNY+B84YHNAYuQyKYQ2s4+b+xlgyYJrSVHXxzwZ/gcORHCgjezZjos4pw630Cdlwa0kEjNA4/hqq60mLrzwQrXV5cK2tjggcSGmTp0qZs6caTe8s33A3DeBtLJ5gv8bbbRRAJXNlBrbb9asmejcORtDUm1q161bt8333XffDfr27buCzRYTWPa5sB84kJMDzZs3bybVpxV//fXXDQ8++OC1ZY+XsTIEYOVkXTgZlwP//PPP6gcddFBm4BeAFZdzoVxeDkh9bE3ZLSpjegBWXnaFAnE5IIFVJ7tFpasHYMXlWigXiwNS2W9NwQCsWOwKheJyoHXr1kqBD8CKy7FQriAOBGAVxK5QOC4HArDiciqUK4gDAVgFsSsUjsuBAKy4nArlCuJAAFZB7AqF43IgE90Q94JaKifdFGLRokVi6dKlolWrVqJNmzaiRYvAsjgYqFkuSe+8+OGHH8T333/f6LdgwQIFpsWLFwtCRmwCWNJWI1ZYYQWx1lpriXbt2jX6cSyQEDUDLOl5F19++aV4//331e/DDz8UgKdQQnrx++uvv8TPP/+s7mXeY9VVVxVbbLGF2HLLLdVvnXXWMU/XzP+qBhZgeu+998TLL78s5s2bJ/7++2/vL/b3338Xc+bMUT8etuaaa4qddtpJ7LHHHqJ9+/ben5+WB1QlsL799lvx0ksviVdeeUX89ttvZeX1L7/8Ip544gn1A1gAbNdddxVItmqmqgIW3dsjjzwi3nnnnZK8M3QprbBrRX7JkiVF3/vrr79WYb7333+/2G233cQhhxwiqrWrrApgzZ8/XwHqo48+Kuilr7zyyir8GgV83XXXVUo42xVXXFEp6DI6Mut+KP3oZnIGVCOln0EAOlwcvQ0d7YUXXlBStWvXrqJnz55igw02yHpWJR+oaGB99dVX4o477hCffPJJrHfASM5UrIvReWQ4rmjbtq36AcLtttsu82xA9+mnnyq9jkEC/wFRFDHqRB979dVXlQSTQXJilVVWiSpeUccrEljYlqZPny6efvppp0nAfAOYB7bddlul22yzzTYCYPgi7t2xY0f169Onj5BpChRoGDzkkqYMMvQA47DDDhPdu3cXLmnpq94+7ltxwOLrnjJlimD0lYvWW2890aNHD7Hzzjurri1XWV/nkJB77723+mGaYEDxzDPPqG7U9UxGrXfddZfqJgcNGiQ23nhjV7GKOFYxwEJ5vvPOO8WLL76Yk7FMWUMpZojv+urpPuX0cPHWW28pSXbooYfmvF+pTmI4RYrJCQfiueeeEzNmzIgcsaKrjRo1Shx55JFi//33L1UVEr1PRQAL88G4ceME2yhC+T3qqKME3Z1N2vzw+uuvi59++ilzGqU9acI1BFjo7lDgH3jgAacEQze7++67xQcffCBOOOGEskndYvmTemChe6CgR422MAcgCfbbbz/B5EqTGC0++eSTjcwPzO7eYYcdlERDkS8XofvJCZ+qq542bZqYNWuWU1988803xSWXXCJOO+00sckmm5SrugU/N9XAevjhh5WSHtUqhurHHHNMo9naKMLoMnQ1WsIBPgyTu+yyi9hss82cXWTUM3wfx7QxYMAAseeee6oP6Isvvsh6JEbWMWPGKHC5JHLWBSk4kEpgAY7JkyerUZ+LRxgueRm77757o9MYSLkOPQpaY401lAKPAo0inWZCGo0YMUJgPMVSDw9MQmJff/31AqWejyTtlDpgYQuSWePEa6+95uQduhTdAqM+TXzR99xzT+YaFOXDDz9cdTN296ivSeMWcwW2LLroiRMnij///LNRNeHNrbfeqnSyAw88sNG5tO2kClh8pTfeeKNAr3AREur4448XLVu2zJx+/vnnlZRi1IgkY0QI0ys5bgq728UXXyxuuOEG8fnnn2fayh94xEeEcVXmS2h0Lk07qQLWbbfdFgkqmMjwWxPGx0mTJmWkFL43vvZqce6uvvrq4txzzxVjx45tNPjQ7b/vvvuUlR7dLI2UGmAxMkL62IQtql+/fmrUp8/hKhk/frygC0R3QophCK02QgIPGzZMdYuzZ8/Oah4f1korrdTIrZRVqEwHGo/Py1QJXDNEJdiEfnTSSSc1AhXGzSuvvFKBatNNN1VdRjWCSvMCveuUU04RMg+VPpTZ0h3ygcX1lWYuTOBP2YH18ccfK0Ogq639+/dXzll9Dos1hlJCV3DXDB8+XIUH6/PVvD3uuOOyRsG0F90SvdRW9MvNi7ICi/DeCRMmCEY7NuFq2WeffTKHH3roIXH77bcrpfWII44Qxx57bJZBNFO4Sv8MHjzY6VkgmJGRdJqorMC65ZZbhEx7k8UP3B29e/fOHAdUuD7oGnFvMPKrRaJbPP300wUqgE0ENz766KP24bLtlw1YWMZxBNvUqVMngdjXhNNZgwr7VVpHQbq+vrf4Gs844wxn3BahRKgWaaCyAIsQEphgExGdMi14xuWCrw8TBIS+teOOO9qX1OQ+JpWTTz45SxVAmWek6FItkmZUWYBF+IsdO45ZgREgTmKI+HAUdZjUq1evRvpW0kxK4/O23nprp0rw3XffKT9pueucOLDmzp0r3n777ax2H3DAAaJLly7qOCEjKPVEiuIXI6oyUDYHGOAQsWoTphuX7mqX87mfKLAYGhP9aRNz78yAO1wWRCasv/76YuDAgXbxsL+cA0h5+INSbxIOa5zx5aREgcXqBljLbcJ0gFIKoVdhMMXXh2HQ9Ava14V9oT4+YtFsomcopyKfGLCQVgTd2YTDdfvtt1eH6frw3uNoJTpBLl9mFw/7Dg4Q6Ihv0SbMNOWixICFH5C5eCYhwk3TwmOPPaYmSaA3oHMFiscBfIqEZduEbcuOjrDL+NpPBFiM7B5//PGsNhCRoLOzkOUFiYbecPTRR2dMDlkXhQNODhAdyzxHm1xmHbuMj/1EgEXcOsAxCSu6aUGHAXSXOJQrKbbbbFM5//NBmvzUdUFn1RG1+lgS20SAxWwUm5iepb8wZs4APhR2/ICBiuMAPQAjbJuYy5g0eQcWoHGNTszoR3QtlE/sVbprTJoR1fA8+OjSTYnITTr6wTuwkEQ2MdpjYqkmJj2MHj1aTebUx8K2OA4gteyw7D/++ENgfrAnaBT3hHhXlQVY9uyaeFUNpeJwgOlkriliSC3ClJIir8BiqGvOPKZRKO18VYH8ccD14ZLZMMkkdF6BRWNswnlaLal67LalZZ/USkgukxhxkxMiKanldTIFOaJswtKeBJE2CNcQ3n58Z+RpwJSR9GRPno0ri48M6a2TvWEa8DVQQYnfaqutMjOYNL+ZhEKQoA06fb6UW2/AwijqGg2STdg3kQoIUJnESyWqgsHEmWeemaXgmmVL9Z9030z8MLsgfKWoCKQBIPbMV4yZC1g8l8gRwI613id5AxZfBw0wiS6QiAWfhPUeUME44rjoFnBwA/J7771XSQ5i5wlx9km0/eqrr1ag2nzzzVVdmMXNCA27ErY94tQvuOACL9mUXR8wMW7EwdEd+gaWNx3LlcHO1dhSvlz0CD2NbMiQIWqmMECmy2HAcPbZZyuGIi3oIn0SwEFKdujQQZxzzjkq1gxbHcnUBstJEcT185IJu/ZBGJ9txzTSinbj7PdtevAGLJK92sSX65OYc4ghkLh5ly5HvgcShMBUppL5JH1/jL62XYnnchypgRkgX3bCYuvp4jdh4YQwAy6flCiwzEQePhqlJ27qMBzXM3AlQS79z1W+mGNM/0cy0AUzCnYRCjTJPwC5rrerXFOOufgNsCDfiykkCizfGfR092Za9e0XQ1fEqAl9g67BB1EPAINOhd0uivQ0Ll/A0r5Y8/kaWLb+a5Ypxf/oVjfh7sRd2V8EYt/u85vwCOelWrznyoVFRCouJEBljtacNyzyILoelKsenNcfmq/4dH1/nqVJA4vu0J7QosuUYusFWD/++GNW3VxfT1ahJh6AkWTvW3vttXPeibAcXrovew4RBuhV+SJgOU85X/YsF7DMj8mn1PJibkDHsCmJ9ELMtYNZ+YbSxNIjVfKVs9sQdx9gX3PNNXnvz8eGSYKPwQfRPu6tJTnPQFLRdvQ/eEW2Gh/kBVhmQ3SlfTGvQTJnmTRENsjRYL20z9TJrm6pVIzr5KTO5hFLuhEU5wtUur1x799GSqx6mXuBdjSTK17U4YrJoZfp+8fd2sDiOgAFsHSXHfdehZSrWGA1SD3uHxnTvVQmg21wJBWBCc2kQbalHHm1xMwhwZQakhJjiTTYLpFuJz4GkwB9M2l3o94tmEzSxHq7PmgNKLwjDDJ4ZqmpIoG1TOpwi6QdqiHPSlz10sq9WK5ksUyOANuQuaaEkqDYF7Hsm2/EImmgjao7L3qZNKzyay5nhbeRdre6JnRXLmCZuhWDGB9T7Lwo72bF9QuI2zXo8pFb+ZUtklbtqBfjum6pHP4j3cpN9TKzTiF1Xya7yIXPPotiVHTVXXzXEoub+jK5eAEWdiKbELuloGXSot9QhNWYLrPctERGe0R121F1Q+ouXZ5ePKpMruMu4JieAF8mBy/Acolfl0KfiyGR54rVB4q9LrIihZ+oL3Lp4IYir6OGLr6juGui6/VBFQes5nKI3qyIxQBaFrCSFv5G8nLl+5o/l2Eorm4/6kU1z2NfK/V13M8FLLN7xPzggyoOWNIfI9r861/KrBCXIS2ka6Vl585xi6uwFqb6s6Z0FH322WfisssuUznXo8rYx1vJ4DtGqoVQSxmYxyixWHIB31TWK15i2S6eYhnFdc3kl99W5n3HjFAn7UBR1EzastrIhb3ViLCArlDPzXOF/uhn6ehYVluNTbILaitX/mohZyjlG+LXybKtZbRt6ybMDwA05ZJY0W8lNreyC7qs7PakiuyrCjvCELy1nFbeWiYUwfxQL7uvBmxC0kDaTJ5DMhT7pbOQE85jFt1kfUE7OBHPgp4EStmCCGu4lLjUFVsWxlHqLvtUUYeBVNYdwy6SSvp7Crq1XRgfpK288yGYgytfEqtpNbdbsnyfldl5MWb/zRR77UqIuKy4w/LLbt6+vcgehxZ3O67C1UJqIBZLuuKKK1TsVGfZldKFEBnLQkq8NMJ/zTWhC3kiFvZWxnrShVwbt6wrJg4HvEn5JKdZtpD/XoDFF4G/jJhvTXwZ7OdzzOry5d4y1R/wsFgU6yXahCOb1JZpJhewbId3RQELZvPVm8DiGA2tFGBh6yFLMxGeKPEk1kDiUn8mhHbr1i2vnkSby0lxgJUrXqwpdfcisagQIRt2um3mtVXa8iREo+aKSG0K831f68oyk5TE8mJugGGuKE7WNw6UDAeQrtjZbLLj4nxJLG/Acq23TENdsVp248N+0znAarP2iJDRuh3FW3HAogH218EokQYH8s8BbWczn6Rj7M1jprHUPN7U/94kFhVzzSN05XNoaiPC9dkccPGZkaxNVQMshu++jHI202p1nzkHXziiOWxg0Q1WXFfIS2VOnRmiwTGC+V1fE+cClYYDrmR3jNJJSGKS/W7Mc03977UrZBaMa0ayq+FNbUi4/r8ccDnPXR4CM3zmv1eX5p9XYFFFV9ogpsK7vO6laVJt3wXHue2XxbruyvJnhs+UmmvegUWD7ClGgIp4p0Cl58BTTz2VdVMc5fY7oFBFAwu/ocvazoICpQpXzuJkjR7AhUZvYJPLc0A36Etx5/neJRYP2VeuwG43Agcv6YQClY4DLN1rRpRwZ3KSEYVhk09pxbMSARZZT1yZ61g7J5ge7Fde3D6ZAl1KO0sdm/FX+u6+0gvo+ycCLB7Ws2dP/czMFnvLrFmzMvvhT/EcmDZtWpZqAXhcHzTdoE9TA61IDFiEm7hMDwTNJb1qQvGvL51X4tx3SSvScrss676lVaLA4mG9e/fOimEiHyYrqgYqjgMMgFhj2yZCkF2DJsrlS69k36uY/cQkFpXDpUCfbxNKvM8Me/bzqmmfZL4sc2wTa+q4FHSklT2Qsq8txX6iwKLCLNho21RQ4Jlu5ZpRUopGVus9yEroSo5LLJzLxAAfbLeOL94kDixA5Vo6DhvMpEmTfLWz6u6LkXncuHFZk2qRRq6BEgygC/SttGtGJw4sHkzmYte0KaZb6WzDuoJh6+YAuepdMe27ynmUdhycvkNS0ornlQVYPJjsey4lcsqUKc6QD64J9B8O8PG5RoFEMPTo0cPJJnjt0+lsP7RswGJ62KBBg+z6KNFOmkVXHtOswjV4YN68ec5RIKBhLW1XV4cTejWZaytJKhuwaGTXrl3VCg12g1kW5KqrrlLLg9jnanmfkfP48eOz3DbwBFOOPRlV8wq3jsv6rs/72JYVWDSoX79+ahkQu3GEfgCuMPniP5z5RmYCvPbaa515Q/lAXWExXImBNEndSr/HsgML0T1s2DBnCm3mxbF6FhKslonMNmPGjMnKnQ9PWNbEtXq95pc9K0cf970tO7BoINOSzjrrLOcCmUxyvfzyy4VOfO+bIWm7/zsyxSWgYlEGm9rLnBVI/CiDJ3xNUmE365cKYFEhEomwjqArGyCK/KhRo9Q0d7Py1f5/9uzZ4rrrrnNG2zL46d+/v9MXCF/gYzm6QP1OUgMsKsQ6N0OHDnWCixWykFy1EMOF/2/q1KlqPUN70il8In/XwIEDneYaziPBytUF8nwoVcCiQsygZn0/19eGtXnixInqZ2b+5bpqIQIgR48erVIoudpEbNuJJ57oVBsoj2mB/AxJjwLtuqYOWFSwQ4cOYvjw4erLtCvMPlKLNI2upBeu8pVyjDmXI0eOVDm4XHXGic/KsLnCXpBm5dKrzDqnElhUELfEiBEjItMe4dG/9NJLxeTJkyveJIFpBaMwvr+olJpdunQRAwYMyAka7FguHdV84Un995bGqBQNYFRz/vnnCxYPZylcm4jvZlYKXzpWZ/xklUToT8SpE6IdlaGZLm1/mbeUpYdzEZb1gvKh5rpZCc6lGli0D7E+ePBglQcCx6trPiKKPQt3z5gxQy3q7QrHLQGvSnYL9ENCspmpZC7zZj8ABZwwIxbUzEWUy9U95rrW17nUA0s3nC8W3QuXRpRuhc1r7NixKhktRsNdZPLbKBuPvm+SW50Ul+A8l13KrAvpCfr06ZOza0NRR6dKS/dn1r9igEWl8d5fdNFFYubMmeLBBx+MDAxE/7r55ptVyDPdI7Hf5UpRSRDju+++K0grMHfuXKfENV8IXdrBMtW4K7+YWY4PBlC5okTNcuX6X1HAgkkwlLBbpBEhNuhXUUQXSeZjfnQngAxJgL2Mr90XoS8x1X3+/Plizpw5Obs7XQd0KdIREKvmmgChy7HlfBpMCmad7P8VByzdAL5sks+SYIypT/kW7MaJy4wgfii5nTp1UnobIHNlYtHPibPF9sQC46TqJpMOW5dh03UvAE6q7+7du0eaV8zriMBNOgTGfH7c/xULLN1AkrsxcmQK1PTp05Wk0OeitgzpyYbMTxNgA2CYOVCE0VvoZtgiIRg0EJOvtzjGCafmV4yxFsnLdLi99torFqDSrE9pHprbigeWbgw6yXnnnaeAxRAeyRFXanAPwIak4eeTADAhLnR7mFPiEECnbJoGIvnqXTXA0g3t2LGjcmYz5RwLPVLJld1Ol09iS2gQ9SJHFdu47hYkJaaENFjSC+VT1QFLM4ARU69evcQ+cslezBB0lcQ1kbk5iWlmRG3iguGHNHXF9+u62luAiK80bbYpu5659qsWWDQavYQXjHLcQdrA0IuIHNCKNrNciPNCukVZvnMxT5+je8OdwkgNswZgigoT1te4tkgo6lsICF33ScOxqgaWZjAAYzSFBECXQiG3V/TCNAHIAB/KOEo6PwCHrsZLR5mnW+LHPRidASaAVSxRN4DEPbhntVBNAEu/LF4i4OKH5AJk/AAPynFcZVrfrylbQAqY+FGvaqOaApb58lCg0WP4ATL0LiQVW/ZLTVriIZWQeJU0wiuGFzULLJNZgExLMo4DLN0F6i3dIe4ZO2Oevo+WOtwLEOktijj71Q4kzQe9DcDSnDC2gIJfFAEw/QNQtQaaKL6YxwOwTG7E/A+YtISKeUnNFUttBGnNvYkqa3AAVpW90LQ0JwArLW+iyuoRgFVlLzQtzQnASsubqLJ6mMDKSg6A8zZXsH+V8SI0x8EB7Hbkj7BJjor/tI+Z+xlzg/RXvS+D/eulfSYDNkDFrORAgQM2ByTgPraPmfsZEMnkEz9JUD1ongz/AwciOLBYLvrwUMQ5dTgDLPaktfl/pIhbkOuCcC5wQLq5rlqwYMFXuTjRCFgTJkz4ToLrMAmuL3NdFM7VJgckLuqlz/QWOa/zf/NxoBGwKCwnhM6S+tY28iZXyt+H8tA/+W4Szlc1Bxpk636VatLTsvs7Ti5acIX0jXIsJ+UNBJJJU9vKmKX2Oe8STgYOLOeABN2fcqb3t1kSy+aQnAoeJJbNlLAfyQE5WlzMybzAevbZZ5dKMfhX5J3CicCB5Rygi5Sx/soemhdYXCOnff8gA9bqAwcDB3JxQALrF7lEoOrh8upY+kboWtKA2k5Kr4xRVZ8L28ABGW69QE4U/lkO+JRiHxtYsK5v377N5chgDRm6u5L8tQzsrG0OSAzUSym1UM7h/FVKqoW1zY3Q+sCBwIHK5cD/A4bJawZvxvyKAAAAAElFTkSuQmCC"`;

exports[`loader should work with ModuleConcatenationPlugin: warnings 1`] = `Array []`;

exports[`loader should work with SVG: assets 1`] = `
Array [
  "main.bundle.js",
]
`;

exports[`loader should work with SVG: errors 1`] = `Array []`;

exports[`loader should work with SVG: result 1`] = `"data:image/svg+xml;base64,PD94bWwgdmVyc2lvbj0iMS4wIiBlbmNvZGluZz0iVVRGLTgiIHN0YW5kYWxvbmU9Im5vIj8+Cjxzdmcgd2lkdGg9Ijc1cHgiIGhlaWdodD0iNzVweCIgdmlld0JveD0iMCAwIDc1IDc1IiB2ZXJzaW9uPSIxLjEiIHhtbG5zPSJodHRwOi8vd3d3LnczLm9yZy8yMDAwL3N2ZyIgeG1sbnM6eGxpbms9Imh0dHA6Ly93d3cudzMub3JnLzE5OTkveGxpbmsiPgogICAgPCEtLSBHZW5lcmF0b3I6IFNrZXRjaCAzLjcuMSAoMjgyMTUpIC0gaHR0cDovL3d3dy5ib2hlbWlhbmNvZGluZy5jb20vc2tldGNoIC0tPgogICAgPHRpdGxlPm1vY2hpPC90aXRsZT4KICAgIDxkZXNjPkNyZWF0ZWQgd2l0aCBTa2V0Y2guPC9kZXNjPgogICAgPGRlZnM+CiAgICAgICAgPHJlY3QgaWQ9InBhdGgtMSIgeD0iMCIgeT0iMCIgd2lkdGg9IjcwIiBoZWlnaHQ9IjcwIiByeD0iMyI+PC9yZWN0PgogICAgICAgIDxtYXNrIGlkPSJtYXNrLTIiIG1hc2tDb250ZW50VW5pdHM9InVzZXJTcGFjZU9uVXNlIiBtYXNrVW5pdHM9Im9iamVjdEJvdW5kaW5nQm94IiB4PSIwIiB5PSIwIiB3aWR0aD0iNzAiIGhlaWdodD0iNzAiIGZpbGw9IndoaXRlIj4KICAgICAgICAgICAgPHVzZSB4bGluazpocmVmPSIjcGF0aC0xIj48L3VzZT4KICAgICAgICA8L21hc2s+CiAgICA8L2RlZnM+CiAgICA8ZyBpZD0iUGFnZS0xIiBzdHJva2U9Im5vbmUiIHN0cm9rZS13aWR0aD0iMSIgZmlsbD0ibm9uZSIgZmlsbC1ydWxlPSJldmVub2RkIj4KICAgICAgICA8ZyBpZD0ibW9jaGkiPgogICAgICAgICAgICA8ZyBpZD0iR3JvdXAtMTUiIHRyYW5zZm9ybT0idHJhbnNsYXRlKDEuMDAwMDAwLCAxLjAwMDAwMCkiPgogICAgICAgICAgICAgICAgPHJlY3QgaWQ9IlJlY3RhbmdsZS02OC1Db3B5LTciIGZpbGw9IiM0MTQxNDEiIG9wYWNpdHk9IjAuMTQ5MDU1NTA0IiB4PSIzIiB5PSIzIiB3aWR0aD0iNzAiIGhlaWdodD0iNzAiIHJ4PSIzIj48L3JlY3Q+CiAgICAgICAgICAgICAgICA8dXNlIGlkPSJSZWN0YW5nbGUtNjgiIHN0cm9rZT0iIzYzNjM2MyIgbWFzaz0idXJsKCNtYXNrLTIpIiBzdHJva2Utd2lkdGg9IjUiIHN0cm9rZS1saW5lY2FwPSJyb3VuZCIgc3Ryb2tlLWxpbmVqb2luPSJyb3VuZCIgZmlsbD0iI0ZGRkZGRiIgeGxpbms6aHJlZj0iI3BhdGgtMSI+PC91c2U+CiAgICAgICAgICAgICAgICA8ZyBpZD0iR3JvdXAtOSIgdHJhbnNmb3JtPSJ0cmFuc2xhdGUoNy4wMDAwMDAsIDguMDAwMDAwKSI+CiAgICAgICAgICAgICAgICAgICAgPHBhdGggZD0iTTEyLjcwODc5NTUsMi43NjE2Njc4NiBMNDEuNzA4Nzk1NSwyLjc2MTY2Nzg2IEwxMi43MDg3OTU1LDIuNzYxNjY3ODYgWiIgaWQ9IlBhdGgtNDEiIHN0cm9rZT0iIzYzNjM2MyIgc3Ryb2tlLWxpbmVjYXA9InJvdW5kIiBzdHJva2UtbGluZWpvaW49InJvdW5kIiB0cmFuc2Zvcm09InRyYW5zbGF0ZSgyNy4yMDg3OTUsIDIuNzYxNjY4KSBzY2FsZSgtMSwgMSkgdHJhbnNsYXRlKC0yNy4yMDg3OTUsIC0yLjc2MTY2OCkgIj48L3BhdGg+CiAgICAgICAgICAgICAgICAgICAgPGcgaWQ9Ikdyb3VwLTciPgogICAgICAgICAgICAgICAgICAgICAgICA8cGF0aCBkPSJNMzEuMzM1OTE0Miw1NS41NjI5MjU4IEM0NC45NzIzNTc0LDU1LjU2MjkyNTggNTYuMDI2ODc4OSw0NC41MDg0MDQ0IDU2LjAyNjg3ODksMzAuODcxOTYxMSBDNTYuMDI2ODc4OSwxNy4yMzU1MTc4IDQ0Ljk3MjM1NzQsNi4xODA5OTY0MiAzMS4zMzU5MTQyLDYuMTgwOTk2NDIgQzE3LjY5OTQ3MDksNi4xODA5OTY0MiA2LjY0NDk0OTUsMTcuMjM1NTE3OCA2LjY0NDk0OTUsMzAuODcxOTYxMSBDNi42NDQ5NDk1LDQ0LjUwODQwNDQgMTcuNjk5NDcwOSw1NS41NjI5MjU4IDMxLjMzNTkxNDIsNTUuNTYyOTI1OCBaIiBpZD0iT3ZhbC0zMS1Db3B5LTUiIGZpbGw9IiM0MTQxNDEiIG9wYWNpdHk9IjAuMTQ5MDU1NTA0Ij48L3BhdGg+CiAgICAgICAgICAgICAgICAgICAgICAgIDxwYXRoIGQ9Ik0yOC4zMzU5MTQyLDUyLjU2MjkyNTggQzQxLjk3MjM1NzQsNTIuNTYyOTI1OCA1My4wMjY4Nzg5LDQxLjUwODQwNDQgNTMuMDI2ODc4OSwyNy44NzE5NjExIEM1My4wMjY4Nzg5LDE0LjIzNTUxNzggNDEuOTcyMzU3NCwzLjE4MDk5NjQyIDI4LjMzNTkxNDIsMy4xODA5OTY0MiBDMTQuNjk5NDcwOSwzLjE4MDk5NjQyIDMuNjQ0OTQ5NSwxNC4yMzU1MTc4IDMuNjQ0OTQ5NSwyNy44NzE5NjExIEMzLjY0NDk0OTUsNDEuNTA4NDA0NCAxNC42OTk0NzA5LDUyLjU2MjkyNTggMjguMzM1OTE0Miw1Mi41NjI5MjU4IFoiIGlkPSJPdmFsLTMxIiBzdHJva2U9IiM2MzYzNjMiIHN0cm9rZS13aWR0aD0iMi41IiBmaWxsPSIjRkZGRkZGIj48L3BhdGg+CiAgICAgICAgICAgICAgICAgICAgICAgIDxwYXRoIGQ9Ik0yMy4wNzk0OTI1LDcuMDQ3NTg5OTcgQzE2LjcwNzEyMjUsOC43NDQ5MTU3OSAxMS42NDU0NTI1LDEyLjk3MDQwMiA4Ljk4OTgxMjM4LDE4LjQ5OTkyMTkiIGlkPSJQYXRoLTIxIiBzdHJva2U9IiM2MzYzNjMiIHN0cm9rZS1saW5lY2FwPSJyb3VuZCIgc3Ryb2tlLWxpbmVqb2luPSJyb3VuZCI+PC9wYXRoPgogICAgICAgICAgICAgICAgICAgICAgICA8ZWxsaXBzZSBpZD0iT3ZhbC0zMiIgZmlsbD0iI0YzQTVBNSIgY3g9IjQwLjgyMTExODQiIGN5PSIyOC42NjI1MDIxIiByeD0iMy41NzU1OTk1OCIgcnk9IjIuMzEyMjY2MjIiPjwvZWxsaXBzZT4KICAgICAgICAgICAgICAgICAgICAgICAgPGVsbGlwc2UgaWQ9Ik92YWwtMzIiIGZpbGw9IiNGM0E1QTUiIGN4PSIxNy41MzE0MDIyIiBjeT0iMjguNDk0MDI5OCIgcng9IjMuNTc1NTk5NTgiIHJ5PSIyLjMxMjI2NjIyIj48L2VsbGlwc2U+CiAgICAgICAgICAgICAgICAgICAgICAgIDxwYXRoIGQ9Ik0zOS4zNzA2NTcyLDI3IEw2OC4zNzA2NTcyLDI3IEwzOS4zNzA2NTcyLDI3IFoiIGlkPSJQYXRoLTQxIiBzdHJva2U9IiM2MzYzNjMiIHN0cm9rZS1saW5lY2FwPSJyb3VuZCIgc3Ryb2tlLWxpbmVqb2luPSJyb3VuZCIgdHJhbnNmb3JtPSJ0cmFuc2xhdGUoNTMuODcwNjU3LCAyNy4wMDAwMDApIHJvdGF0ZSgtMjcwLjAwMDAwMCkgdHJhbnNsYXRlKC01My44NzA2NTcsIC0yNy4wMDAwMDApICI+PC9wYXRoPgogICAgICAgICAgICAgICAgICAgICAgICA8cGF0aCBkPSJNNTIuNDE2MTExNywyNi44ODI4MzEgQzUzLjE0MzM4NDQsMjYuMTU1NTU4MyA1NC41OTc5Mjk5LDI2LjE1NTU1ODMgNTUuMzI1MjAyNiwyNi44ODI4MzEgQzU2LjA1MjQ3NTMsMjcuNjEwMTAzNyA1Ni4wNTI0NzUzLDI5LjA2NDY0OTIgNTUuMzI1MjAyNiwyOS43OTE5MjE5IEM1NC41OTc5Mjk5LDMwLjUxOTE5NDYgNTMuMTQzMzg0NCwzMC41MTkxOTQ2IDUyLjQxNjExMTcsMjkuNzkxOTIxOSBDNTEuNjg4ODM5LDI5LjA2NDY0OTIgNTEuNjg4ODM5LDI3LjYxMDEwMzcgNTIuNDE2MTExNywyNi44ODI4MzEgWiIgaWQ9IlJlY3RhbmdsZS0zMCIgc3Ryb2tlPSIjNjM2MzYzIiBzdHJva2UtbGluZWNhcD0icm91bmQiIHN0cm9rZS1saW5lam9pbj0icm91bmQiIGZpbGw9IiNGRkZGRkYiIHRyYW5zZm9ybT0idHJhbnNsYXRlKDUzLjg3MDY1NywgMjguMzM3Mzc2KSByb3RhdGUoLTI3MC4wMDAwMDApIHRyYW5zbGF0ZSgtNTMuODcwNjU3LCAtMjguMzM3Mzc2KSAiPjwvcGF0aD4KICAgICAgICAgICAgICAgICAgICAgICAgPHBhdGggZD0iTTUyLjQxNjExMTcsMTEuODgyODMxIEM1My4xNDMzODQ0LDExLjE1NTU1ODMgNTQuNTk3OTI5OSwxMS4xNTU1NTgzIDU1LjMyNTIwMjYsMTEuODgyODMxIEM1Ni4wNTI0NzUzLDEyLjYxMDEwMzcgNTYuMDUyNDc1MywxNC4wNjQ2NDkyIDU1LjMyNTIwMjYsMTQuNzkxOTIxOSBDNTQuNTk3OTI5OSwxNS41MTkxOTQ2IDUzLjE0MzM4NDQsMTUuNTE5MTk0NiA1Mi40MTYxMTE3LDE0Ljc5MTkyMTkgQzUxLjY4ODgzOSwxNC4wNjQ2NDkyIDUxLjY4ODgzOSwxMi42MTAxMDM3IDUyLjQxNjExMTcsMTEuODgyODMxIFoiIGlkPSJSZWN0YW5nbGUtMzAiIHN0cm9rZT0iIzYzNjM2MyIgc3Ryb2tlLWxpbmVjYXA9InJvdW5kIiBzdHJva2UtbGluZWpvaW49InJvdW5kIiBmaWxsPSIjRkZGRkZGIiB0cmFuc2Zvcm09InRyYW5zbGF0ZSg1My44NzA2NTcsIDEzLjMzNzM3Nikgcm90YXRlKC0yNzAuMDAwMDAwKSB0cmFuc2xhdGUoLTUzLjg3MDY1NywgLTEzLjMzNzM3NikgIj48L3BhdGg+CiAgICAgICAgICAgICAgICAgICAgICAgIDxwYXRoIGQ9Ik01Mi40MTYxMTE3LDQxLjg4MjgzMSBDNTMuMTQzMzg0NCw0MS4xNTU1NTgzIDU0LjU5NzkyOTksNDEuMTU1NTU4MyA1NS4zMjUyMDI2LDQxLjg4MjgzMSBDNTYuMDUyNDc1Myw0Mi42MTAxMDM3IDU2LjA1MjQ3NTMsNDQuMDY0NjQ5MiA1NS4zMjUyMDI2LDQ0Ljc5MTkyMTkgQzU0LjU5NzkyOTksNDUuNTE5MTk0NiA1My4xNDMzODQ0LDQ1LjUxOTE5NDYgNTIuNDE2MTExNyw0NC43OTE5MjE5IEM1MS42ODg4MzksNDQuMDY0NjQ5MiA1MS42ODg4MzksNDIuNjEwMTAzNyA1Mi40MTYxMTE3LDQxLjg4MjgzMSBaIiBpZD0iUmVjdGFuZ2xlLTMwIiBzdHJva2U9IiM2MzYzNjMiIHN0cm9rZS1saW5lY2FwPSJyb3VuZCIgc3Ryb2tlLWxpbmVqb2luPSJyb3VuZCIgZmlsbD0iI0ZGRkZGRiIgdHJhbnNmb3JtPSJ0cmFuc2xhdGUoNTMuODcwNjU3LCA0My4zMzczNzYpIHJvdGF0ZSgtMjcwLjAwMDAwMCkgdHJhbnNsYXRlKC01My44NzA2NTcsIC00My4zMzczNzYpICI+PC9wYXRoPgogICAgICAgICAgICAgICAgICAgICAgICA8cGF0aCBkPSJNLTExLjYyOTM0MjgsMjcgTDE3LjM3MDY1NzIsMjcgTC0xMS42MjkzNDI4LDI3IFoiIGlkPSJQYXRoLTQxIiBzdHJva2U9IiM2MzYzNjMiIHN0cm9rZS1saW5lY2FwPSJyb3VuZCIgc3Ryb2tlLWxpbmVqb2luPSJyb3VuZCIgdHJhbnNmb3JtPSJ0cmFuc2xhdGUoMi44NzA2NTcsIDI3LjAwMDAwMCkgcm90YXRlKC0yNzAuMDAwMDAwKSB0cmFuc2xhdGUoLTIuODcwNjU3LCAtMjcuMDAwMDAwKSAiPjwvcGF0aD4KICAgICAgICAgICAgICAgICAgICAgICAgPHBhdGggZD0iTTEuNDE2MTExNywyNi44ODI4MzEgQzIuMTQzMzg0NDIsMjYuMTU1NTU4MyAzLjU5NzkyOTg4LDI2LjE1NTU1ODMgNC4zMjUyMDI2MSwyNi44ODI4MzEgQzUuMDUyNDc1MzMsMjcuNjEwMTAzNyA1LjA1MjQ3NTMzLDI5LjA2NDY0OTIgNC4zMjUyMDI2MSwyOS43OTE5MjE5IEMzLjU5NzkyOTg4LDMwLjUxOTE5NDYgMi4xNDMzODQ0MiwzMC41MTkxOTQ2IDEuNDE2MTExNywyOS43OTE5MjE5IEMwLjY4ODgzODk2OSwyOS4wNjQ2NDkyIDAuNjg4ODM4OTY5LDI3LjYxMDEwMzcgMS40MTYxMTE3LDI2Ljg4MjgzMSBaIiBpZD0iUmVjdGFuZ2xlLTMwIiBzdHJva2U9IiM2MzYzNjMiIHN0cm9rZS1saW5lY2FwPSJyb3VuZCIgc3Ryb2tlLWxpbmVqb2luPSJyb3VuZCIgZmlsbD0iI0ZGRkZGRiIgdHJhbnNmb3JtPSJ0cmFuc2xhdGUoMi44NzA2NTcsIDI4LjMzNzM3Nikgcm90YXRlKC0yNzAuMDAwMDAwKSB0cmFuc2xhdGUoLTIuODcwNjU3LCAtMjguMzM3Mzc2KSAiPjwvcGF0aD4KICAgICAgICAgICAgICAgICAgICAgICAgPHBhdGggZD0iTTEuNDE2MTExNywxMS44ODI4MzEgQzIuMTQzMzg0NDIsMTEuMTU1NTU4MyAzLjU5NzkyOTg4LDExLjE1NTU1ODMgNC4zMjUyMDI2MSwxMS44ODI4MzEgQzUuMDUyNDc1MzMsMTIuNjEwMTAzNyA1LjA1MjQ3NTMzLDE0LjA2NDY0OTIgNC4zMjUyMDI2MSwxNC43OTE5MjE5IEMzLjU5NzkyOTg4LDE1LjUxOTE5NDYgMi4xNDMzODQ0MiwxNS41MTkxOTQ2IDEuNDE2MTExNywxNC43OTE5MjE5IEMwLjY4ODgzODk2OSwxNC4wNjQ2NDkyIDAuNjg4ODM4OTY5LDEyLjYxMDEwMzcgMS40MTYxMTE3LDExLjg4MjgzMSBaIiBpZD0iUmVjdGFuZ2xlLTMwIiBzdHJva2U9IiM2MzYzNjMiIHN0cm9rZS1saW5lY2FwPSJyb3VuZCIgc3Ryb2tlLWxpbmVqb2luPSJyb3VuZCIgZmlsbD0iI0ZGRkZGRiIgdHJhbnNmb3JtPSJ0cmFuc2xhdGUoMi44NzA2NTcsIDEzLjMzNzM3Nikgcm90YXRlKC0yNzAuMDAwMDAwKSB0cmFuc2xhdGUoLTIuODcwNjU3LCAtMTMuMzM3Mzc2KSAiPjwvcGF0aD4KICAgICAgICAgICAgICAgICAgICAgICAgPHBhdGggZD0iTTEuNDE2MTExNyw0MS44ODI4MzEgQzIuMTQzMzg0NDIsNDEuMTU1NTU4MyAzLjU5NzkyOTg4LDQxLjE1NTU1ODMgNC4zMjUyMDI2MSw0MS44ODI4MzEgQzUuMDUyNDc1MzMsNDIuNjEwMTAzNyA1LjA1MjQ3NTMzLDQ0LjA2NDY0OTIgNC4zMjUyMDI2MSw0NC43OTE5MjE5IEMzLjU5NzkyOTg4LDQ1LjUxOTE5NDYgMi4xNDMzODQ0Miw0NS41MTkxOTQ2IDEuNDE2MTExNyw0NC43OTE5MjE5IEMwLjY4ODgzODk2OSw0NC4wNjQ2NDkyIDAuNjg4ODM4OTY5LDQyLjYxMDEwMzcgMS40MTYxMTE3LDQxLjg4MjgzMSBaIiBpZD0iUmVjdGFuZ2xlLTMwIiBzdHJva2U9IiM2MzYzNjMiIHN0cm9rZS1saW5lY2FwPSJyb3VuZCIgc3Ryb2tlLWxpbmVqb2luPSJyb3VuZCIgZmlsbD0iI0ZGRkZGRiIgdHJhbnNmb3JtPSJ0cmFuc2xhdGUoMi44NzA2NTcsIDQzLjMzNzM3Nikgcm90YXRlKC0yNzAuMDAwMDAwKSB0cmFuc2xhdGUoLTIuODcwNjU3LCAtNDMuMzM3Mzc2KSAiPjwvcGF0aD4KICAgICAgICAgICAgICAgICAgICAgICAgPHBhdGggZD0iTTEyLjcwODc5NTUsNTIuNzYxNjY3OSBMNDEuNzA4Nzk1NSw1Mi43NjE2Njc5IEwxMi43MDg3OTU1LDUyLjc2MTY2NzkgWiIgaWQ9IlBhdGgtNDEiIHN0cm9rZT0iIzYzNjM2MyIgc3Ryb2tlLWxpbmVjYXA9InJvdW5kIiBzdHJva2UtbGluZWpvaW49InJvdW5kIiB0cmFuc2Zvcm09InRyYW5zbGF0ZSgyNy4yMDg3OTUsIDUyLjc2MTY2OCkgc2NhbGUoLTEsIDEpIHRyYW5zbGF0ZSgtMjcuMjA4Nzk1LCAtNTIuNzYxNjY4KSAiPjwvcGF0aD4KICAgICAgICAgICAgICAgICAgICAgICAgPHBhdGggZD0iTTI2Ljc5NDYzMyw1MS4zMDcxMjI0IEMyNy41MjE5MDU3LDUwLjU3OTg0OTcgMjguOTc2NDUxMSw1MC41Nzk4NDk3IDI5LjcwMzcyMzksNTEuMzA3MTIyNCBDMzAuNDMwOTk2Niw1Mi4wMzQzOTUxIDMwLjQzMDk5NjYsNTMuNDg4OTQwNiAyOS43MDM3MjM5LDU0LjIxNjIxMzMgQzI4Ljk3NjQ1MTEsNTQuOTQzNDg2IDI3LjUyMTkwNTcsNTQuOTQzNDg2IDI2Ljc5NDYzMyw1NC4yMTYyMTMzIEMyNi4wNjczNjAyLDUzLjQ4ODk0MDYgMjYuMDY3MzYwMiw1Mi4wMzQzOTUxIDI2Ljc5NDYzMyw1MS4zMDcxMjI0IFoiIGlkPSJSZWN0YW5nbGUtMzAiIHN0cm9rZT0iIzYzNjM2MyIgc3Ryb2tlLWxpbmVjYXA9InJvdW5kIiBzdHJva2UtbGluZWpvaW49InJvdW5kIiBmaWxsPSIjRkZGRkZGIiB0cmFuc2Zvcm09InRyYW5zbGF0ZSgyOC4yNDkxNzgsIDUyLjc2MTY2OCkgc2NhbGUoLTEsIDEpIHRyYW5zbGF0ZSgtMjguMjQ5MTc4LCAtNTIuNzYxNjY4KSAiPjwvcGF0aD4KICAgICAgICAgICAgICAgICAgICAgICAgPHBhdGggZD0iTTQxLjc5Njc1LDUxLjMwNzEyMjQgQzQyLjUyNDAyMjgsNTAuNTc5ODQ5NyA0My45Nzg1NjgyLDUwLjU3OTg0OTcgNDQuNzA1ODQwOSw1MS4zMDcxMjI0IEM0NS40MzMxMTM3LDUyLjAzNDM5NTEgNDUuNDMzMTEzNyw1My40ODg5NDA2IDQ0LjcwNTg0MDksNTQuMjE2MjEzMyBDNDMuOTc4NTY4Miw1NC45NDM0ODYgNDIuNTI0MDIyOCw1NC45NDM0ODYgNDEuNzk2NzUsNTQuMjE2MjEzMyBDNDEuMDY5NDc3Myw1My40ODg5NDA2IDQxLjA2OTQ3NzMsNTIuMDM0Mzk1MSA0MS43OTY3NSw1MS4zMDcxMjI0IFoiIGlkPSJSZWN0YW5nbGUtMzAiIHN0cm9rZT0iIzYzNjM2MyIgc3Ryb2tlLWxpbmVjYXA9InJvdW5kIiBzdHJva2UtbGluZWpvaW49InJvdW5kIiBmaWxsPSIjRkZGRkZGIiB0cmFuc2Zvcm09InRyYW5zbGF0ZSg0My4yNTEyOTUsIDUyLjc2MTY2OCkgc2NhbGUoLTEsIDEpIHRyYW5zbGF0ZSgtNDMuMjUxMjk1LCAtNTIuNzYxNjY4KSAiPjwvcGF0aD4KICAgICAgICAgICAgICAgICAgICAgICAgPHBhdGggZD0iTTEwLjc5Njc1LDUxLjMwNzEyMjQgQzExLjUyNDAyMjgsNTAuNTc5ODQ5NyAxMi45Nzg1NjgyLDUwLjU3OTg0OTcgMTMuNzA1ODQwOSw1MS4zMDcxMjI0IEMxNC40MzMxMTM3LDUyLjAzNDM5NTEgMTQuNDMzMTEzNyw1My40ODg5NDA2IDEzLjcwNTg0MDksNTQuMjE2MjEzMyBDMTIuOTc4NTY4Miw1NC45NDM0ODYgMTEuNTI0MDIyOCw1NC45NDM0ODYgMTAuNzk2NzUsNTQuMjE2MjEzMyBDMTAuMDY5NDc3Myw1My40ODg5NDA2IDEwLjA2OTQ3NzMsNTIuMDM0Mzk1MSAxMC43OTY3NSw1MS4zMDcxMjI0IFoiIGlkPSJSZWN0YW5nbGUtMzAiIHN0cm9rZT0iIzYzNjM2MyIgc3Ryb2tlLWxpbmVjYXA9InJvdW5kIiBzdHJva2UtbGluZWpvaW49InJvdW5kIiBmaWxsPSIjRkZGRkZGIiB0cmFuc2Zvcm09InRyYW5zbGF0ZSgxMi4yNTEyOTUsIDUyLjc2MTY2OCkgc2NhbGUoLTEsIDEpIHRyYW5zbGF0ZSgtMTIuMjUxMjk1LCAtNTIuNzYxNjY4KSAiPjwvcGF0aD4KICAgICAgICAgICAgICAgICAgICAgICAgPHBhdGggZD0iTTI2Ljc5NDYzMywxLjMwNzEyMjQxIEMyNy41MjE5MDU3LDAuNTc5ODQ5Njc4IDI4Ljk3NjQ1MTEsMC41Nzk4NDk2NzggMjkuNzAzNzIzOSwxLjMwNzEyMjQxIEMzMC40MzA5OTY2LDIuMDM0Mzk1MTMgMzAuNDMwOTk2NiwzLjQ4ODk0MDU5IDI5LjcwMzcyMzksNC4yMTYyMTMzMSBDMjguOTc2NDUxMSw0Ljk0MzQ4NjA0IDI3LjUyMTkwNTcsNC45NDM0ODYwNCAyNi43OTQ2MzMsNC4yMTYyMTMzMSBDMjYuMDY3MzYwMiwzLjQ4ODk0MDU5IDI2LjA2NzM2MDIsMi4wMzQzOTUxMyAyNi43OTQ2MzMsMS4zMDcxMjI0MSBaIiBpZD0iUmVjdGFuZ2xlLTMwIiBzdHJva2U9IiM2MzYzNjMiIHN0cm9rZS1saW5lY2FwPSJyb3VuZCIgc3Ryb2tlLWxpbmVqb2luPSJyb3VuZCIgZmlsbD0iI0ZGRkZGRiIgdHJhbnNmb3JtPSJ0cmFuc2xhdGUoMjguMjQ5MTc4LCAyLjc2MTY2OCkgc2NhbGUoLTEsIDEpIHRyYW5zbGF0ZSgtMjguMjQ5MTc4LCAtMi43NjE2NjgpICI+PC9wYXRoPgogICAgICAgICAgICAgICAgICAgICAgICA8cGF0aCBkPSJNNDEuNzk2NzUsMS4zMDcxMjI0MSBDNDIuNTI0MDIyOCwwLjU3OTg0OTY3OCA0My45Nzg1NjgyLDAuNTc5ODQ5Njc4IDQ0LjcwNTg0MDksMS4zMDcxMjI0MSBDNDUuNDMzMTEzNywyLjAzNDM5NTEzIDQ1LjQzMzExMzcsMy40ODg5NDA1OSA0NC43MDU4NDA5LDQuMjE2MjEzMzEgQzQzLjk3ODU2ODIsNC45NDM0ODYwNCA0Mi41MjQwMjI4LDQuOTQzNDg2MDQgNDEuNzk2NzUsNC4yMTYyMTMzMSBDNDEuMDY5NDc3MywzLjQ4ODk0MDU5IDQxLjA2OTQ3NzMsMi4wMzQzOTUxMyA0MS43OTY3NSwxLjMwNzEyMjQxIFoiIGlkPSJSZWN0YW5nbGUtMzAiIHN0cm9rZT0iIzYzNjM2MyIgc3Ryb2tlLWxpbmVjYXA9InJvdW5kIiBzdHJva2UtbGluZWpvaW49InJvdW5kIiBmaWxsPSIjRkZGRkZGIiB0cmFuc2Zvcm09InRyYW5zbGF0ZSg0My4yNTEyOTUsIDIuNzYxNjY4KSBzY2FsZSgtMSwgMSkgdHJhbnNsYXRlKC00My4yNTEyOTUsIC0yLjc2MTY2OCkgIj48L3BhdGg+CiAgICAgICAgICAgICAgICAgICAgICAgIDxwYXRoIGQ9Ik0xMC43OTY3NSwxLjMwNzEyMjQxIEMxMS41MjQwMjI4LDAuNTc5ODQ5Njc4IDEyLjk3ODU2ODIsMC41Nzk4NDk2NzggMTMuNzA1ODQwOSwxLjMwNzEyMjQxIEMxNC40MzMxMTM3LDIuMDM0Mzk1MTMgMTQuNDMzMTEzNywzLjQ4ODk0MDU5IDEzLjcwNTg0MDksNC4yMTYyMTMzMSBDMTIuOTc4NTY4Miw0Ljk0MzQ4NjA0IDExLjUyNDAyMjgsNC45NDM0ODYwNCAxMC43OTY3NSw0LjIxNjIxMzMxIEMxMC4wNjk0NzczLDMuNDg4OTQwNTkgMTAuMDY5NDc3MywyLjAzNDM5NTEzIDEwLjc5Njc1LDEuMzA3MTIyNDEgWiIgaWQ9IlJlY3RhbmdsZS0zMCIgc3Ryb2tlPSIjNjM2MzYzIiBzdHJva2UtbGluZWNhcD0icm91bmQiIHN0cm9rZS1saW5lam9pbj0icm91bmQiIGZpbGw9IiNGRkZGRkYiIHRyYW5zZm9ybT0idHJhbnNsYXRlKDEyLjI1MTI5NSwgMi43NjE2NjgpIHNjYWxlKC0xLCAxKSB0cmFuc2xhdGUoLTEyLjI1MTI5NSwgLTIuNzYxNjY4KSAiPjwvcGF0aD4KICAgICAgICAgICAgICAgICAgICAgICAgPHBhdGggZD0iTTI2Ljg1NzMwNTIsMzEuOTAzMjIwMyBDMjYuODU3MzA1MiwzMC44MjQ0MDI5IDI3LjcxNTM2MiwyOS43NTM3NTI5IDI5LjE2NDEzMDIsMjkuNzUzNzUzIEMzMC42MTI4OTg1LDI5Ljc1Mzc1MyAzMS40OTUyMTU0LDMwLjg2NDg3NjggMzEuNDk1MjE1NCwzMS45ODQ1OTE0IiBpZD0iUGF0aC0xODUtQ29weSIgc3Ryb2tlPSIjNjM2MzYzIiBzdHJva2UtbGluZWNhcD0icm91bmQiIHN0cm9rZS1saW5lam9pbj0icm91bmQiIHRyYW5zZm9ybT0idHJhbnNsYXRlKDI5LjE3NjI2MCwgMzAuODY5MTcyKSByb3RhdGUoLTE4MC4wMDAwMDApIHRyYW5zbGF0ZSgtMjkuMTc2MjYwLCAtMzAuODY5MTcyKSAiPjwvcGF0aD4KICAgICAgICAgICAgICAgICAgICAgICAgPHBhdGggZD0iTTE3Ljc0MDg2NDgsMjUuMDc2MDA2MyBDMTcuNzQwODY0OCwyNS4wNzYwMDYzIDE3LjQ3OTk5MDcsMjEuNTM2ODIxOSAyMC4yMzY0MDg2LDIxLjUzNjgyMjEgQzIyLjc4MDgxOCwyMS41MzY4MjIzIDIyLjczMTk1MjMsMjUuMDc2MDA2MyAyMi43MzE5NTIzLDI1LjA3NjAwNjMiIGlkPSJQYXRoLTcxLUNvcHktMiIgc3Ryb2tlPSIjNjM2MzYzIiBzdHJva2UtbGluZWNhcD0icm91bmQiIHN0cm9rZS1saW5lam9pbj0icm91bmQiPjwvcGF0aD4KICAgICAgICAgICAgICAgICAgICAgICAgPHBhdGggZD0iTTM1LjAwNTQxNDEsMjUuMDc2MDA2MyBDMzUuMDA1NDE0MSwyNS4wNzYwMDYzIDM0Ljc0NDU0LDIxLjUzNjgyMTkgMzcuNTAwOTU3OCwyMS41MzY4MjIxIEM0MC4wNDUzNjcyLDIxLjUzNjgyMjMgMzkuOTk2NTAxNSwyNS4wNzYwMDYzIDM5Ljk5NjUwMTUsMjUuMDc2MDA2MyIgaWQ9IlBhdGgtNzEtQ29weSIgc3Ryb2tlPSIjNjM2MzYzIiBzdHJva2UtbGluZWNhcD0icm91bmQiIHN0cm9rZS1saW5lam9pbj0icm91bmQiPjwvcGF0aD4KICAgICAgICAgICAgICAgICAgICA8L2c+CiAgICAgICAgICAgICAgICA8L2c+CiAgICAgICAgICAgIDwvZz4KICAgICAgICA8L2c+CiAgICA8L2c+Cjwvc3ZnPg=="`;

exports[`loader should work with SVG: warnings 1`] = `Array []`;

exports[`loader should work with loader that exported string: assets 1`] = `
Array [
  "main.bundle.js",
]
`;

exports[`loader should work with loader that exported string: errors 1`] = `Array []`;

exports[`loader should work with loader that exported string: result 1`] = `"data:image/png;base64,c3RyaW5n"`;

exports[`loader should work with loader that exported string: warnings 1`] = `Array []`;

exports[`loader should work with unspecified value: assets 1`] = `
Array [
  "main.bundle.js",
]
`;

exports[`loader should work with unspecified value: errors 1`] = `Array []`;

exports[`loader should work with unspecified value: result 1`] = `"data:image/png;base64,iVBORw0KGgoAAAANSUhEUgAAAJYAAACWCAYAAAA8AXHiAAAAAXNSR0IArs4c6QAAGjNJREFUeAHtnQewFMXWx/uSxZxRUTGAAcyYnwpiJhgRFRCM6GeBZaklopaUWoUo9cwIqPhhAjGAWRQTRjAgijnnLOqnAgL3fv3rR+/r29uzO7t3e3Z2t0/V1uzM9Mx0n/nP6dPnnD4tRKDAgcCBwIFK4UCdq6JDhw5dZeHChRfKc4c2NDR0kNtWrnLhWE1woKGuru4X2dKX5fbym2666aU4rc4C1pAhQ/ZetmzZ7RJQG8W5QShTOxyQwKqXuPj3hhtueN7IkSPrc7W8uXny1FNPXa++vv55eXE783j4HziwnAMIoj3+T9Ibb7zxci6uNDNPSkk1VoJqdfNY+B84YHNAYuQyKYQ2s4+b+xlgyYJrSVHXxzwZ/gcORHCgjezZjos4pw630Cdlwa0kEjNA4/hqq60mLrzwQrXV5cK2tjggcSGmTp0qZs6caTe8s33A3DeBtLJ5gv8bbbRRAJXNlBrbb9asmejcORtDUm1q161bt8333XffDfr27buCzRYTWPa5sB84kJMDzZs3bybVpxV//fXXDQ8++OC1ZY+XsTIEYOVkXTgZlwP//PPP6gcddFBm4BeAFZdzoVxeDkh9bE3ZLSpjegBWXnaFAnE5IIFVJ7tFpasHYMXlWigXiwNS2W9NwQCsWOwKheJyoHXr1kqBD8CKy7FQriAOBGAVxK5QOC4HArDiciqUK4gDAVgFsSsUjsuBAKy4nArlCuJAAFZB7AqF43IgE90Q94JaKifdFGLRokVi6dKlolWrVqJNmzaiRYvAsjgYqFkuSe+8+OGHH8T333/f6LdgwQIFpsWLFwtCRmwCWNJWI1ZYYQWx1lpriXbt2jX6cSyQEDUDLOl5F19++aV4//331e/DDz8UgKdQQnrx++uvv8TPP/+s7mXeY9VVVxVbbLGF2HLLLdVvnXXWMU/XzP+qBhZgeu+998TLL78s5s2bJ/7++2/vL/b3338Xc+bMUT8etuaaa4qddtpJ7LHHHqJ9+/ben5+WB1QlsL799lvx0ksviVdeeUX89ttvZeX1L7/8Ip544gn1A1gAbNdddxVItmqmqgIW3dsjjzwi3nnnnZK8M3QprbBrRX7JkiVF3/vrr79WYb7333+/2G233cQhhxwiqrWrrApgzZ8/XwHqo48+Kuilr7zyyir8GgV83XXXVUo42xVXXFEp6DI6Mut+KP3oZnIGVCOln0EAOlwcvQ0d7YUXXlBStWvXrqJnz55igw02yHpWJR+oaGB99dVX4o477hCffPJJrHfASM5UrIvReWQ4rmjbtq36AcLtttsu82xA9+mnnyq9jkEC/wFRFDHqRB979dVXlQSTQXJilVVWiSpeUccrEljYlqZPny6efvppp0nAfAOYB7bddlul22yzzTYCYPgi7t2xY0f169Onj5BpChRoGDzkkqYMMvQA47DDDhPdu3cXLmnpq94+7ltxwOLrnjJlimD0lYvWW2890aNHD7Hzzjurri1XWV/nkJB77723+mGaYEDxzDPPqG7U9UxGrXfddZfqJgcNGiQ23nhjV7GKOFYxwEJ5vvPOO8WLL76Yk7FMWUMpZojv+urpPuX0cPHWW28pSXbooYfmvF+pTmI4RYrJCQfiueeeEzNmzIgcsaKrjRo1Shx55JFi//33L1UVEr1PRQAL88G4ceME2yhC+T3qqKME3Z1N2vzw+uuvi59++ilzGqU9acI1BFjo7lDgH3jgAacEQze7++67xQcffCBOOOGEskndYvmTemChe6CgR422MAcgCfbbbz/B5EqTGC0++eSTjcwPzO7eYYcdlERDkS8XofvJCZ+qq542bZqYNWuWU1988803xSWXXCJOO+00sckmm5SrugU/N9XAevjhh5WSHtUqhurHHHNMo9naKMLoMnQ1WsIBPgyTu+yyi9hss82cXWTUM3wfx7QxYMAAseeee6oP6Isvvsh6JEbWMWPGKHC5JHLWBSk4kEpgAY7JkyerUZ+LRxgueRm77757o9MYSLkOPQpaY401lAKPAo0inWZCGo0YMUJgPMVSDw9MQmJff/31AqWejyTtlDpgYQuSWePEa6+95uQduhTdAqM+TXzR99xzT+YaFOXDDz9cdTN296ivSeMWcwW2LLroiRMnij///LNRNeHNrbfeqnSyAw88sNG5tO2kClh8pTfeeKNAr3AREur4448XLVu2zJx+/vnnlZRi1IgkY0QI0ys5bgq728UXXyxuuOEG8fnnn2fayh94xEeEcVXmS2h0Lk07qQLWbbfdFgkqmMjwWxPGx0mTJmWkFL43vvZqce6uvvrq4txzzxVjx45tNPjQ7b/vvvuUlR7dLI2UGmAxMkL62IQtql+/fmrUp8/hKhk/frygC0R3QophCK02QgIPGzZMdYuzZ8/Oah4f1korrdTIrZRVqEwHGo/Py1QJXDNEJdiEfnTSSSc1AhXGzSuvvFKBatNNN1VdRjWCSvMCveuUU04RMg+VPpTZ0h3ygcX1lWYuTOBP2YH18ccfK0Ogq639+/dXzll9Dos1hlJCV3DXDB8+XIUH6/PVvD3uuOOyRsG0F90SvdRW9MvNi7ICi/DeCRMmCEY7NuFq2WeffTKHH3roIXH77bcrpfWII44Qxx57bJZBNFO4Sv8MHjzY6VkgmJGRdJqorMC65ZZbhEx7k8UP3B29e/fOHAdUuD7oGnFvMPKrRaJbPP300wUqgE0ENz766KP24bLtlw1YWMZxBNvUqVMngdjXhNNZgwr7VVpHQbq+vrf4Gs844wxn3BahRKgWaaCyAIsQEphgExGdMi14xuWCrw8TBIS+teOOO9qX1OQ+JpWTTz45SxVAmWek6FItkmZUWYBF+IsdO45ZgREgTmKI+HAUdZjUq1evRvpW0kxK4/O23nprp0rw3XffKT9pueucOLDmzp0r3n777ax2H3DAAaJLly7qOCEjKPVEiuIXI6oyUDYHGOAQsWoTphuX7mqX87mfKLAYGhP9aRNz78yAO1wWRCasv/76YuDAgXbxsL+cA0h5+INSbxIOa5zx5aREgcXqBljLbcJ0gFIKoVdhMMXXh2HQ9Ava14V9oT4+YtFsomcopyKfGLCQVgTd2YTDdfvtt1eH6frw3uNoJTpBLl9mFw/7Dg4Q6Ihv0SbMNOWixICFH5C5eCYhwk3TwmOPPaYmSaA3oHMFiscBfIqEZduEbcuOjrDL+NpPBFiM7B5//PGsNhCRoLOzkOUFiYbecPTRR2dMDlkXhQNODhAdyzxHm1xmHbuMj/1EgEXcOsAxCSu6aUGHAXSXOJQrKbbbbFM5//NBmvzUdUFn1RG1+lgS20SAxWwUm5iepb8wZs4APhR2/ICBiuMAPQAjbJuYy5g0eQcWoHGNTszoR3QtlE/sVbprTJoR1fA8+OjSTYnITTr6wTuwkEQ2MdpjYqkmJj2MHj1aTebUx8K2OA4gteyw7D/++ENgfrAnaBT3hHhXlQVY9uyaeFUNpeJwgOlkriliSC3ClJIir8BiqGvOPKZRKO18VYH8ccD14ZLZMMkkdF6BRWNswnlaLal67LalZZ/USkgukxhxkxMiKanldTIFOaJswtKeBJE2CNcQ3n58Z+RpwJSR9GRPno0ri48M6a2TvWEa8DVQQYnfaqutMjOYNL+ZhEKQoA06fb6UW2/AwijqGg2STdg3kQoIUJnESyWqgsHEmWeemaXgmmVL9Z9030z8MLsgfKWoCKQBIPbMV4yZC1g8l8gRwI613id5AxZfBw0wiS6QiAWfhPUeUME44rjoFnBwA/J7771XSQ5i5wlx9km0/eqrr1ag2nzzzVVdmMXNCA27ErY94tQvuOACL9mUXR8wMW7EwdEd+gaWNx3LlcHO1dhSvlz0CD2NbMiQIWqmMECmy2HAcPbZZyuGIi3oIn0SwEFKdujQQZxzzjkq1gxbHcnUBstJEcT185IJu/ZBGJ9txzTSinbj7PdtevAGLJK92sSX65OYc4ghkLh5ly5HvgcShMBUppL5JH1/jL62XYnnchypgRkgX3bCYuvp4jdh4YQwAy6flCiwzEQePhqlJ27qMBzXM3AlQS79z1W+mGNM/0cy0AUzCnYRCjTJPwC5rrerXFOOufgNsCDfiykkCizfGfR092Za9e0XQ1fEqAl9g67BB1EPAINOhd0uivQ0Ll/A0r5Y8/kaWLb+a5Ypxf/oVjfh7sRd2V8EYt/u85vwCOelWrznyoVFRCouJEBljtacNyzyILoelKsenNcfmq/4dH1/nqVJA4vu0J7QosuUYusFWD/++GNW3VxfT1ahJh6AkWTvW3vttXPeibAcXrovew4RBuhV+SJgOU85X/YsF7DMj8mn1PJibkDHsCmJ9ELMtYNZ+YbSxNIjVfKVs9sQdx9gX3PNNXnvz8eGSYKPwQfRPu6tJTnPQFLRdvQ/eEW2Gh/kBVhmQ3SlfTGvQTJnmTRENsjRYL20z9TJrm6pVIzr5KTO5hFLuhEU5wtUur1x799GSqx6mXuBdjSTK17U4YrJoZfp+8fd2sDiOgAFsHSXHfdehZSrWGA1SD3uHxnTvVQmg21wJBWBCc2kQbalHHm1xMwhwZQakhJjiTTYLpFuJz4GkwB9M2l3o94tmEzSxHq7PmgNKLwjDDJ4ZqmpIoG1TOpwi6QdqiHPSlz10sq9WK5ksUyOANuQuaaEkqDYF7Hsm2/EImmgjao7L3qZNKzyay5nhbeRdre6JnRXLmCZuhWDGB9T7Lwo72bF9QuI2zXo8pFb+ZUtklbtqBfjum6pHP4j3cpN9TKzTiF1Xya7yIXPPotiVHTVXXzXEoub+jK5eAEWdiKbELuloGXSot9QhNWYLrPctERGe0R121F1Q+ouXZ5ePKpMruMu4JieAF8mBy/Acolfl0KfiyGR54rVB4q9LrIihZ+oL3Lp4IYir6OGLr6juGui6/VBFQes5nKI3qyIxQBaFrCSFv5G8nLl+5o/l2Eorm4/6kU1z2NfK/V13M8FLLN7xPzggyoOWNIfI9r861/KrBCXIS2ka6Vl585xi6uwFqb6s6Z0FH322WfisssuUznXo8rYx1vJ4DtGqoVQSxmYxyixWHIB31TWK15i2S6eYhnFdc3kl99W5n3HjFAn7UBR1EzastrIhb3ViLCArlDPzXOF/uhn6ehYVluNTbILaitX/mohZyjlG+LXybKtZbRt6ybMDwA05ZJY0W8lNreyC7qs7PakiuyrCjvCELy1nFbeWiYUwfxQL7uvBmxC0kDaTJ5DMhT7pbOQE85jFt1kfUE7OBHPgp4EStmCCGu4lLjUFVsWxlHqLvtUUYeBVNYdwy6SSvp7Crq1XRgfpK288yGYgytfEqtpNbdbsnyfldl5MWb/zRR77UqIuKy4w/LLbt6+vcgehxZ3O67C1UJqIBZLuuKKK1TsVGfZldKFEBnLQkq8NMJ/zTWhC3kiFvZWxnrShVwbt6wrJg4HvEn5JKdZtpD/XoDFF4G/jJhvTXwZ7OdzzOry5d4y1R/wsFgU6yXahCOb1JZpJhewbId3RQELZvPVm8DiGA2tFGBh6yFLMxGeKPEk1kDiUn8mhHbr1i2vnkSby0lxgJUrXqwpdfcisagQIRt2um3mtVXa8iREo+aKSG0K831f68oyk5TE8mJugGGuKE7WNw6UDAeQrtjZbLLj4nxJLG/Acq23TENdsVp248N+0znAarP2iJDRuh3FW3HAogH218EokQYH8s8BbWczn6Rj7M1jprHUPN7U/94kFhVzzSN05XNoaiPC9dkccPGZkaxNVQMshu++jHI202p1nzkHXziiOWxg0Q1WXFfIS2VOnRmiwTGC+V1fE+cClYYDrmR3jNJJSGKS/W7Mc03977UrZBaMa0ayq+FNbUi4/r8ccDnPXR4CM3zmv1eX5p9XYFFFV9ogpsK7vO6laVJt3wXHue2XxbruyvJnhs+UmmvegUWD7ClGgIp4p0Cl58BTTz2VdVMc5fY7oFBFAwu/ocvazoICpQpXzuJkjR7AhUZvYJPLc0A36Etx5/neJRYP2VeuwG43Agcv6YQClY4DLN1rRpRwZ3KSEYVhk09pxbMSARZZT1yZ61g7J5ge7Fde3D6ZAl1KO0sdm/FX+u6+0gvo+ycCLB7Ws2dP/czMFnvLrFmzMvvhT/EcmDZtWpZqAXhcHzTdoE9TA61IDFiEm7hMDwTNJb1qQvGvL51X4tx3SSvScrss676lVaLA4mG9e/fOimEiHyYrqgYqjgMMgFhj2yZCkF2DJsrlS69k36uY/cQkFpXDpUCfbxNKvM8Me/bzqmmfZL4sc2wTa+q4FHSklT2Qsq8txX6iwKLCLNho21RQ4Jlu5ZpRUopGVus9yEroSo5LLJzLxAAfbLeOL94kDixA5Vo6DhvMpEmTfLWz6u6LkXncuHFZk2qRRq6BEgygC/SttGtGJw4sHkzmYte0KaZb6WzDuoJh6+YAuepdMe27ynmUdhycvkNS0ornlQVYPJjsey4lcsqUKc6QD64J9B8O8PG5RoFEMPTo0cPJJnjt0+lsP7RswGJ62KBBg+z6KNFOmkVXHtOswjV4YN68ec5RIKBhLW1XV4cTejWZaytJKhuwaGTXrl3VCg12g1kW5KqrrlLLg9jnanmfkfP48eOz3DbwBFOOPRlV8wq3jsv6rs/72JYVWDSoX79+ahkQu3GEfgCuMPniP5z5RmYCvPbaa515Q/lAXWExXImBNEndSr/HsgML0T1s2DBnCm3mxbF6FhKslonMNmPGjMnKnQ9PWNbEtXq95pc9K0cf970tO7BoINOSzjrrLOcCmUxyvfzyy4VOfO+bIWm7/zsyxSWgYlEGm9rLnBVI/CiDJ3xNUmE365cKYFEhEomwjqArGyCK/KhRo9Q0d7Py1f5/9uzZ4rrrrnNG2zL46d+/v9MXCF/gYzm6QP1OUgMsKsQ6N0OHDnWCixWykFy1EMOF/2/q1KlqPUN70il8In/XwIEDneYaziPBytUF8nwoVcCiQsygZn0/19eGtXnixInqZ2b+5bpqIQIgR48erVIoudpEbNuJJ57oVBsoj2mB/AxJjwLtuqYOWFSwQ4cOYvjw4erLtCvMPlKLNI2upBeu8pVyjDmXI0eOVDm4XHXGic/KsLnCXpBm5dKrzDqnElhUELfEiBEjItMe4dG/9NJLxeTJkyveJIFpBaMwvr+olJpdunQRAwYMyAka7FguHdV84Un995bGqBQNYFRz/vnnCxYPZylcm4jvZlYKXzpWZ/xklUToT8SpE6IdlaGZLm1/mbeUpYdzEZb1gvKh5rpZCc6lGli0D7E+ePBglQcCx6trPiKKPQt3z5gxQy3q7QrHLQGvSnYL9ENCspmpZC7zZj8ABZwwIxbUzEWUy9U95rrW17nUA0s3nC8W3QuXRpRuhc1r7NixKhktRsNdZPLbKBuPvm+SW50Ul+A8l13KrAvpCfr06ZOza0NRR6dKS/dn1r9igEWl8d5fdNFFYubMmeLBBx+MDAxE/7r55ptVyDPdI7Hf5UpRSRDju+++K0grMHfuXKfENV8IXdrBMtW4K7+YWY4PBlC5okTNcuX6X1HAgkkwlLBbpBEhNuhXUUQXSeZjfnQngAxJgL2Mr90XoS8x1X3+/Plizpw5Obs7XQd0KdIREKvmmgChy7HlfBpMCmad7P8VByzdAL5sks+SYIypT/kW7MaJy4wgfii5nTp1UnobIHNlYtHPibPF9sQC46TqJpMOW5dh03UvAE6q7+7du0eaV8zriMBNOgTGfH7c/xULLN1AkrsxcmQK1PTp05Wk0OeitgzpyYbMTxNgA2CYOVCE0VvoZtgiIRg0EJOvtzjGCafmV4yxFsnLdLi99torFqDSrE9pHprbigeWbgw6yXnnnaeAxRAeyRFXanAPwIak4eeTADAhLnR7mFPiEECnbJoGIvnqXTXA0g3t2LGjcmYz5RwLPVLJld1Ol09iS2gQ9SJHFdu47hYkJaaENFjSC+VT1QFLM4ARU69evcQ+cslezBB0lcQ1kbk5iWlmRG3iguGHNHXF9+u62luAiK80bbYpu5659qsWWDQavYQXjHLcQdrA0IuIHNCKNrNciPNCukVZvnMxT5+je8OdwkgNswZgigoT1te4tkgo6lsICF33ScOxqgaWZjAAYzSFBECXQiG3V/TCNAHIAB/KOEo6PwCHrsZLR5mnW+LHPRidASaAVSxRN4DEPbhntVBNAEu/LF4i4OKH5AJk/AAPynFcZVrfrylbQAqY+FGvaqOaApb58lCg0WP4ATL0LiQVW/ZLTVriIZWQeJU0wiuGFzULLJNZgExLMo4DLN0F6i3dIe4ZO2Oevo+WOtwLEOktijj71Q4kzQe9DcDSnDC2gIJfFAEw/QNQtQaaKL6YxwOwTG7E/A+YtISKeUnNFUttBGnNvYkqa3AAVpW90LQ0JwArLW+iyuoRgFVlLzQtzQnASsubqLJ6mMDKSg6A8zZXsH+V8SI0x8EB7Hbkj7BJjor/tI+Z+xlzg/RXvS+D/eulfSYDNkDFrORAgQM2ByTgPraPmfsZEMnkEz9JUD1ongz/AwciOLBYLvrwUMQ5dTgDLPaktfl/pIhbkOuCcC5wQLq5rlqwYMFXuTjRCFgTJkz4ToLrMAmuL3NdFM7VJgckLuqlz/QWOa/zf/NxoBGwKCwnhM6S+tY28iZXyt+H8tA/+W4Szlc1Bxpk636VatLTsvs7Ti5acIX0jXIsJ+UNBJJJU9vKmKX2Oe8STgYOLOeABN2fcqb3t1kSy+aQnAoeJJbNlLAfyQE5WlzMybzAevbZZ5dKMfhX5J3CicCB5Rygi5Sx/soemhdYXCOnff8gA9bqAwcDB3JxQALrF7lEoOrh8upY+kboWtKA2k5Kr4xRVZ8L28ABGW69QE4U/lkO+JRiHxtYsK5v377N5chgDRm6u5L8tQzsrG0OSAzUSym1UM7h/FVKqoW1zY3Q+sCBwIHK5cD/A4bJawZvxvyKAAAAAElFTkSuQmCC"`;

exports[`loader should work with unspecified value: warnings 1`] = `Array []`;
